Archive member included to satisfy reference by file (symbol)

e:/atmel/as7/7.0/toolchain/avr8/avr8-gnu-toolchain/bin/../lib/gcc/avr/4.9.2/../../../../avr/lib/avrxmega6\libm.a(addsf3.o)
                              ADC.o (__subsf3)
e:/atmel/as7/7.0/toolchain/avr8/avr8-gnu-toolchain/bin/../lib/gcc/avr/4.9.2/../../../../avr/lib/avrxmega6\libm.a(addsf3x.o)
                              e:/atmel/as7/7.0/toolchain/avr8/avr8-gnu-toolchain/bin/../lib/gcc/avr/4.9.2/../../../../avr/lib/avrxmega6\libm.a(addsf3.o) (__addsf3x)
e:/atmel/as7/7.0/toolchain/avr8/avr8-gnu-toolchain/bin/../lib/gcc/avr/4.9.2/../../../../avr/lib/avrxmega6\libm.a(cmpsf2.o)
                              util.o (__ltsf2)
e:/atmel/as7/7.0/toolchain/avr8/avr8-gnu-toolchain/bin/../lib/gcc/avr/4.9.2/../../../../avr/lib/avrxmega6\libm.a(divsf3.o)
                              ADC.o (__divsf3)
e:/atmel/as7/7.0/toolchain/avr8/avr8-gnu-toolchain/bin/../lib/gcc/avr/4.9.2/../../../../avr/lib/avrxmega6\libm.a(divsf3x.o)
                              e:/atmel/as7/7.0/toolchain/avr8/avr8-gnu-toolchain/bin/../lib/gcc/avr/4.9.2/../../../../avr/lib/avrxmega6\libm.a(divsf3.o) (__divsf3x)
e:/atmel/as7/7.0/toolchain/avr8/avr8-gnu-toolchain/bin/../lib/gcc/avr/4.9.2/../../../../avr/lib/avrxmega6\libm.a(fixunssfsi.o)
                              util.o (__fixunssfsi)
e:/atmel/as7/7.0/toolchain/avr8/avr8-gnu-toolchain/bin/../lib/gcc/avr/4.9.2/../../../../avr/lib/avrxmega6\libm.a(floatsisf.o)
                              ADC.o (__floatunsisf)
e:/atmel/as7/7.0/toolchain/avr8/avr8-gnu-toolchain/bin/../lib/gcc/avr/4.9.2/../../../../avr/lib/avrxmega6\libm.a(fp_cmp.o)
                              e:/atmel/as7/7.0/toolchain/avr8/avr8-gnu-toolchain/bin/../lib/gcc/avr/4.9.2/../../../../avr/lib/avrxmega6\libm.a(cmpsf2.o) (__fp_cmp)
e:/atmel/as7/7.0/toolchain/avr8/avr8-gnu-toolchain/bin/../lib/gcc/avr/4.9.2/../../../../avr/lib/avrxmega6\libm.a(fp_inf.o)
                              e:/atmel/as7/7.0/toolchain/avr8/avr8-gnu-toolchain/bin/../lib/gcc/avr/4.9.2/../../../../avr/lib/avrxmega6\libm.a(addsf3x.o) (__fp_inf)
e:/atmel/as7/7.0/toolchain/avr8/avr8-gnu-toolchain/bin/../lib/gcc/avr/4.9.2/../../../../avr/lib/avrxmega6\libm.a(fp_nan.o)
                              e:/atmel/as7/7.0/toolchain/avr8/avr8-gnu-toolchain/bin/../lib/gcc/avr/4.9.2/../../../../avr/lib/avrxmega6\libm.a(addsf3x.o) (__fp_nan)
e:/atmel/as7/7.0/toolchain/avr8/avr8-gnu-toolchain/bin/../lib/gcc/avr/4.9.2/../../../../avr/lib/avrxmega6\libm.a(fp_pscA.o)
                              e:/atmel/as7/7.0/toolchain/avr8/avr8-gnu-toolchain/bin/../lib/gcc/avr/4.9.2/../../../../avr/lib/avrxmega6\libm.a(addsf3x.o) (__fp_pscA)
e:/atmel/as7/7.0/toolchain/avr8/avr8-gnu-toolchain/bin/../lib/gcc/avr/4.9.2/../../../../avr/lib/avrxmega6\libm.a(fp_pscB.o)
                              e:/atmel/as7/7.0/toolchain/avr8/avr8-gnu-toolchain/bin/../lib/gcc/avr/4.9.2/../../../../avr/lib/avrxmega6\libm.a(addsf3x.o) (__fp_pscB)
e:/atmel/as7/7.0/toolchain/avr8/avr8-gnu-toolchain/bin/../lib/gcc/avr/4.9.2/../../../../avr/lib/avrxmega6\libm.a(fp_round.o)
                              e:/atmel/as7/7.0/toolchain/avr8/avr8-gnu-toolchain/bin/../lib/gcc/avr/4.9.2/../../../../avr/lib/avrxmega6\libm.a(addsf3.o) (__fp_round)
e:/atmel/as7/7.0/toolchain/avr8/avr8-gnu-toolchain/bin/../lib/gcc/avr/4.9.2/../../../../avr/lib/avrxmega6\libm.a(fp_split3.o)
                              e:/atmel/as7/7.0/toolchain/avr8/avr8-gnu-toolchain/bin/../lib/gcc/avr/4.9.2/../../../../avr/lib/avrxmega6\libm.a(addsf3x.o) (__fp_split3)
e:/atmel/as7/7.0/toolchain/avr8/avr8-gnu-toolchain/bin/../lib/gcc/avr/4.9.2/../../../../avr/lib/avrxmega6\libm.a(fp_zero.o)
                              e:/atmel/as7/7.0/toolchain/avr8/avr8-gnu-toolchain/bin/../lib/gcc/avr/4.9.2/../../../../avr/lib/avrxmega6\libm.a(addsf3x.o) (__fp_zero)
e:/atmel/as7/7.0/toolchain/avr8/avr8-gnu-toolchain/bin/../lib/gcc/avr/4.9.2/../../../../avr/lib/avrxmega6\libm.a(mulsf3.o)
                              ADC.o (__mulsf3)
e:/atmel/as7/7.0/toolchain/avr8/avr8-gnu-toolchain/bin/../lib/gcc/avr/4.9.2/../../../../avr/lib/avrxmega6\libm.a(mulsf3x.o)
                              e:/atmel/as7/7.0/toolchain/avr8/avr8-gnu-toolchain/bin/../lib/gcc/avr/4.9.2/../../../../avr/lib/avrxmega6\libm.a(mulsf3.o) (__mulsf3x)
e:/atmel/as7/7.0/toolchain/avr8/avr8-gnu-toolchain/bin/../lib/gcc/avr/4.9.2/avrxmega6\libgcc.a(_divmodhi4.o)
                              util.o (__divmodhi4)
e:/atmel/as7/7.0/toolchain/avr8/avr8-gnu-toolchain/bin/../lib/gcc/avr/4.9.2/avrxmega6\libgcc.a(_udivmodsi4.o)
                              CanSat.o (__udivmodsi4)
e:/atmel/as7/7.0/toolchain/avr8/avr8-gnu-toolchain/bin/../lib/gcc/avr/4.9.2/avrxmega6\libgcc.a(_exit.o)
                              E:/Atmel/AS7/7.0/Packs/atmel/XMEGAA_DFP/1.0.36/gcc/dev/atxmega256a3bu/avrxmega6/crtatxmega256a3bu.o (exit)
e:/atmel/as7/7.0/toolchain/avr8/avr8-gnu-toolchain/bin/../lib/gcc/avr/4.9.2/avrxmega6\libgcc.a(_copy_data.o)
                              CanSat.o (__do_copy_data)
e:/atmel/as7/7.0/toolchain/avr8/avr8-gnu-toolchain/bin/../lib/gcc/avr/4.9.2/avrxmega6\libgcc.a(_clear_bss.o)
                              CanSat.o (__do_clear_bss)
e:/atmel/as7/7.0/toolchain/avr8/avr8-gnu-toolchain/bin/../lib/gcc/avr/4.9.2/avrxmega6\libgcc.a(_umulhisi3.o)
                              Initialization.o (__umulhisi3)
e:/atmel/as7/7.0/toolchain/avr8/avr8-gnu-toolchain/bin/../lib/gcc/avr/4.9.2/avrxmega6\libgcc.a(_udivmodhi4.o)
                              e:/atmel/as7/7.0/toolchain/avr8/avr8-gnu-toolchain/bin/../lib/gcc/avr/4.9.2/avrxmega6\libgcc.a(_divmodhi4.o) (__udivmodhi4)

Allocating common symbols
Common symbol       size              file

Analog_d            0x44              CanSat.o

Discarded input sections

 .data          0x00000000        0x0 E:/Atmel/AS7/7.0/Packs/atmel/XMEGAA_DFP/1.0.36/gcc/dev/atxmega256a3bu/avrxmega6/crtatxmega256a3bu.o
 .bss           0x00000000        0x0 E:/Atmel/AS7/7.0/Packs/atmel/XMEGAA_DFP/1.0.36/gcc/dev/atxmega256a3bu/avrxmega6/crtatxmega256a3bu.o
 .text          0x00000000        0x0 ADC.o
 .data          0x00000000        0x0 ADC.o
 .bss           0x00000000        0x0 ADC.o
 .text          0x00000000        0x0 CanSat.o
 .data          0x00000000        0x0 CanSat.o
 .bss           0x00000000        0x0 CanSat.o
 .text.FLASHerase
                0x00000000       0x94 CanSat.o
 .bss.frame_count
                0x00000000        0x4 CanSat.o
 .bss.mission_time
                0x00000000        0x4 CanSat.o
 .text          0x00000000        0x0 I2C.o
 .data          0x00000000        0x0 I2C.o
 .bss           0x00000000        0x0 I2C.o
 .text.I2C_ReadEnd
                0x00000000       0x1a I2C.o
 .text.I2C_WriteReg
                0x00000000       0x32 I2C.o
 .text.I2C_ReadRegister
                0x00000000       0x74 I2C.o
 .debug_info    0x00000000      0x313 I2C.o
 .debug_abbrev  0x00000000      0x158 I2C.o
 .debug_loc     0x00000000      0x1b2 I2C.o
 .debug_aranges
                0x00000000       0x30 I2C.o
 .debug_ranges  0x00000000       0x20 I2C.o
 .debug_line    0x00000000      0x1d6 I2C.o
 .debug_str     0x00000000      0x313 I2C.o
 .comment       0x00000000       0x31 I2C.o
 .debug_frame   0x00000000       0x60 I2C.o
 .text          0x00000000        0x0 SPI.o
 .data          0x00000000        0x0 SPI.o
 .bss           0x00000000        0x0 SPI.o
 .text.SPI_MemoryCheck
                0x00000000       0x52 SPI.o
 .text.SPI_Status
                0x00000000       0x22 SPI.o
 .text.SPI_Read
                0x00000000       0x68 SPI.o
 .text.SPI_ReadByte
                0x00000000       0x46 SPI.o
 .text.SPI_CmdSend
                0x00000000       0x1c SPI.o
 .text.SPI_AAI_Mode_Start
                0x00000000       0x1c SPI.o
 .text.SPI_AAI_Mode_Stop
                0x00000000       0x1c SPI.o
 .text          0x00000000        0x0 Initialization.o
 .data          0x00000000        0x0 Initialization.o
 .bss           0x00000000        0x0 Initialization.o
 .text          0x00000000        0x0 util.o
 .data          0x00000000        0x0 util.o
 .bss           0x00000000        0x0 util.o
 .text.float2char
                0x00000000      0x1ba util.o
 .text.MPV_valve_close
                0x00000000        0x8 util.o
 .text.Light_Green
                0x00000000        0x8 util.o
 .text.ADC_sync
                0x00000000       0x1e util.o
 .text.BL_onoff
                0x00000000       0x14 util.o
 .text          0x00000000        0x0 e:/atmel/as7/7.0/toolchain/avr8/avr8-gnu-toolchain/bin/../lib/gcc/avr/4.9.2/../../../../avr/lib/avrxmega6\libm.a(addsf3.o)
 .data          0x00000000        0x0 e:/atmel/as7/7.0/toolchain/avr8/avr8-gnu-toolchain/bin/../lib/gcc/avr/4.9.2/../../../../avr/lib/avrxmega6\libm.a(addsf3.o)
 .bss           0x00000000        0x0 e:/atmel/as7/7.0/toolchain/avr8/avr8-gnu-toolchain/bin/../lib/gcc/avr/4.9.2/../../../../avr/lib/avrxmega6\libm.a(addsf3.o)
 .text          0x00000000        0x0 e:/atmel/as7/7.0/toolchain/avr8/avr8-gnu-toolchain/bin/../lib/gcc/avr/4.9.2/../../../../avr/lib/avrxmega6\libm.a(addsf3x.o)
 .data          0x00000000        0x0 e:/atmel/as7/7.0/toolchain/avr8/avr8-gnu-toolchain/bin/../lib/gcc/avr/4.9.2/../../../../avr/lib/avrxmega6\libm.a(addsf3x.o)
 .bss           0x00000000        0x0 e:/atmel/as7/7.0/toolchain/avr8/avr8-gnu-toolchain/bin/../lib/gcc/avr/4.9.2/../../../../avr/lib/avrxmega6\libm.a(addsf3x.o)
 .text          0x00000000        0x0 e:/atmel/as7/7.0/toolchain/avr8/avr8-gnu-toolchain/bin/../lib/gcc/avr/4.9.2/../../../../avr/lib/avrxmega6\libm.a(cmpsf2.o)
 .data          0x00000000        0x0 e:/atmel/as7/7.0/toolchain/avr8/avr8-gnu-toolchain/bin/../lib/gcc/avr/4.9.2/../../../../avr/lib/avrxmega6\libm.a(cmpsf2.o)
 .bss           0x00000000        0x0 e:/atmel/as7/7.0/toolchain/avr8/avr8-gnu-toolchain/bin/../lib/gcc/avr/4.9.2/../../../../avr/lib/avrxmega6\libm.a(cmpsf2.o)
 .text.avr-libc.fplib
                0x00000000        0xa e:/atmel/as7/7.0/toolchain/avr8/avr8-gnu-toolchain/bin/../lib/gcc/avr/4.9.2/../../../../avr/lib/avrxmega6\libm.a(cmpsf2.o)
 .text          0x00000000        0x0 e:/atmel/as7/7.0/toolchain/avr8/avr8-gnu-toolchain/bin/../lib/gcc/avr/4.9.2/../../../../avr/lib/avrxmega6\libm.a(divsf3.o)
 .data          0x00000000        0x0 e:/atmel/as7/7.0/toolchain/avr8/avr8-gnu-toolchain/bin/../lib/gcc/avr/4.9.2/../../../../avr/lib/avrxmega6\libm.a(divsf3.o)
 .bss           0x00000000        0x0 e:/atmel/as7/7.0/toolchain/avr8/avr8-gnu-toolchain/bin/../lib/gcc/avr/4.9.2/../../../../avr/lib/avrxmega6\libm.a(divsf3.o)
 .text          0x00000000        0x0 e:/atmel/as7/7.0/toolchain/avr8/avr8-gnu-toolchain/bin/../lib/gcc/avr/4.9.2/../../../../avr/lib/avrxmega6\libm.a(divsf3x.o)
 .data          0x00000000        0x0 e:/atmel/as7/7.0/toolchain/avr8/avr8-gnu-toolchain/bin/../lib/gcc/avr/4.9.2/../../../../avr/lib/avrxmega6\libm.a(divsf3x.o)
 .bss           0x00000000        0x0 e:/atmel/as7/7.0/toolchain/avr8/avr8-gnu-toolchain/bin/../lib/gcc/avr/4.9.2/../../../../avr/lib/avrxmega6\libm.a(divsf3x.o)
 .text          0x00000000        0x0 e:/atmel/as7/7.0/toolchain/avr8/avr8-gnu-toolchain/bin/../lib/gcc/avr/4.9.2/../../../../avr/lib/avrxmega6\libm.a(fixunssfsi.o)
 .data          0x00000000        0x0 e:/atmel/as7/7.0/toolchain/avr8/avr8-gnu-toolchain/bin/../lib/gcc/avr/4.9.2/../../../../avr/lib/avrxmega6\libm.a(fixunssfsi.o)
 .bss           0x00000000        0x0 e:/atmel/as7/7.0/toolchain/avr8/avr8-gnu-toolchain/bin/../lib/gcc/avr/4.9.2/../../../../avr/lib/avrxmega6\libm.a(fixunssfsi.o)
 .text.avr-libc.fplib
                0x00000000       0x5e e:/atmel/as7/7.0/toolchain/avr8/avr8-gnu-toolchain/bin/../lib/gcc/avr/4.9.2/../../../../avr/lib/avrxmega6\libm.a(fixunssfsi.o)
 .text          0x00000000        0x0 e:/atmel/as7/7.0/toolchain/avr8/avr8-gnu-toolchain/bin/../lib/gcc/avr/4.9.2/../../../../avr/lib/avrxmega6\libm.a(floatsisf.o)
 .data          0x00000000        0x0 e:/atmel/as7/7.0/toolchain/avr8/avr8-gnu-toolchain/bin/../lib/gcc/avr/4.9.2/../../../../avr/lib/avrxmega6\libm.a(floatsisf.o)
 .bss           0x00000000        0x0 e:/atmel/as7/7.0/toolchain/avr8/avr8-gnu-toolchain/bin/../lib/gcc/avr/4.9.2/../../../../avr/lib/avrxmega6\libm.a(floatsisf.o)
 .text          0x00000000        0x0 e:/atmel/as7/7.0/toolchain/avr8/avr8-gnu-toolchain/bin/../lib/gcc/avr/4.9.2/../../../../avr/lib/avrxmega6\libm.a(fp_cmp.o)
 .data          0x00000000        0x0 e:/atmel/as7/7.0/toolchain/avr8/avr8-gnu-toolchain/bin/../lib/gcc/avr/4.9.2/../../../../avr/lib/avrxmega6\libm.a(fp_cmp.o)
 .bss           0x00000000        0x0 e:/atmel/as7/7.0/toolchain/avr8/avr8-gnu-toolchain/bin/../lib/gcc/avr/4.9.2/../../../../avr/lib/avrxmega6\libm.a(fp_cmp.o)
 .text.avr-libc.fplib
                0x00000000       0x48 e:/atmel/as7/7.0/toolchain/avr8/avr8-gnu-toolchain/bin/../lib/gcc/avr/4.9.2/../../../../avr/lib/avrxmega6\libm.a(fp_cmp.o)
 .text          0x00000000        0x0 e:/atmel/as7/7.0/toolchain/avr8/avr8-gnu-toolchain/bin/../lib/gcc/avr/4.9.2/../../../../avr/lib/avrxmega6\libm.a(fp_inf.o)
 .data          0x00000000        0x0 e:/atmel/as7/7.0/toolchain/avr8/avr8-gnu-toolchain/bin/../lib/gcc/avr/4.9.2/../../../../avr/lib/avrxmega6\libm.a(fp_inf.o)
 .bss           0x00000000        0x0 e:/atmel/as7/7.0/toolchain/avr8/avr8-gnu-toolchain/bin/../lib/gcc/avr/4.9.2/../../../../avr/lib/avrxmega6\libm.a(fp_inf.o)
 .text          0x00000000        0x0 e:/atmel/as7/7.0/toolchain/avr8/avr8-gnu-toolchain/bin/../lib/gcc/avr/4.9.2/../../../../avr/lib/avrxmega6\libm.a(fp_nan.o)
 .data          0x00000000        0x0 e:/atmel/as7/7.0/toolchain/avr8/avr8-gnu-toolchain/bin/../lib/gcc/avr/4.9.2/../../../../avr/lib/avrxmega6\libm.a(fp_nan.o)
 .bss           0x00000000        0x0 e:/atmel/as7/7.0/toolchain/avr8/avr8-gnu-toolchain/bin/../lib/gcc/avr/4.9.2/../../../../avr/lib/avrxmega6\libm.a(fp_nan.o)
 .text          0x00000000        0x0 e:/atmel/as7/7.0/toolchain/avr8/avr8-gnu-toolchain/bin/../lib/gcc/avr/4.9.2/../../../../avr/lib/avrxmega6\libm.a(fp_pscA.o)
 .data          0x00000000        0x0 e:/atmel/as7/7.0/toolchain/avr8/avr8-gnu-toolchain/bin/../lib/gcc/avr/4.9.2/../../../../avr/lib/avrxmega6\libm.a(fp_pscA.o)
 .bss           0x00000000        0x0 e:/atmel/as7/7.0/toolchain/avr8/avr8-gnu-toolchain/bin/../lib/gcc/avr/4.9.2/../../../../avr/lib/avrxmega6\libm.a(fp_pscA.o)
 .text          0x00000000        0x0 e:/atmel/as7/7.0/toolchain/avr8/avr8-gnu-toolchain/bin/../lib/gcc/avr/4.9.2/../../../../avr/lib/avrxmega6\libm.a(fp_pscB.o)
 .data          0x00000000        0x0 e:/atmel/as7/7.0/toolchain/avr8/avr8-gnu-toolchain/bin/../lib/gcc/avr/4.9.2/../../../../avr/lib/avrxmega6\libm.a(fp_pscB.o)
 .bss           0x00000000        0x0 e:/atmel/as7/7.0/toolchain/avr8/avr8-gnu-toolchain/bin/../lib/gcc/avr/4.9.2/../../../../avr/lib/avrxmega6\libm.a(fp_pscB.o)
 .text          0x00000000        0x0 e:/atmel/as7/7.0/toolchain/avr8/avr8-gnu-toolchain/bin/../lib/gcc/avr/4.9.2/../../../../avr/lib/avrxmega6\libm.a(fp_round.o)
 .data          0x00000000        0x0 e:/atmel/as7/7.0/toolchain/avr8/avr8-gnu-toolchain/bin/../lib/gcc/avr/4.9.2/../../../../avr/lib/avrxmega6\libm.a(fp_round.o)
 .bss           0x00000000        0x0 e:/atmel/as7/7.0/toolchain/avr8/avr8-gnu-toolchain/bin/../lib/gcc/avr/4.9.2/../../../../avr/lib/avrxmega6\libm.a(fp_round.o)
 .text          0x00000000        0x0 e:/atmel/as7/7.0/toolchain/avr8/avr8-gnu-toolchain/bin/../lib/gcc/avr/4.9.2/../../../../avr/lib/avrxmega6\libm.a(fp_split3.o)
 .data          0x00000000        0x0 e:/atmel/as7/7.0/toolchain/avr8/avr8-gnu-toolchain/bin/../lib/gcc/avr/4.9.2/../../../../avr/lib/avrxmega6\libm.a(fp_split3.o)
 .bss           0x00000000        0x0 e:/atmel/as7/7.0/toolchain/avr8/avr8-gnu-toolchain/bin/../lib/gcc/avr/4.9.2/../../../../avr/lib/avrxmega6\libm.a(fp_split3.o)
 .text          0x00000000        0x0 e:/atmel/as7/7.0/toolchain/avr8/avr8-gnu-toolchain/bin/../lib/gcc/avr/4.9.2/../../../../avr/lib/avrxmega6\libm.a(fp_zero.o)
 .data          0x00000000        0x0 e:/atmel/as7/7.0/toolchain/avr8/avr8-gnu-toolchain/bin/../lib/gcc/avr/4.9.2/../../../../avr/lib/avrxmega6\libm.a(fp_zero.o)
 .bss           0x00000000        0x0 e:/atmel/as7/7.0/toolchain/avr8/avr8-gnu-toolchain/bin/../lib/gcc/avr/4.9.2/../../../../avr/lib/avrxmega6\libm.a(fp_zero.o)
 .text          0x00000000        0x0 e:/atmel/as7/7.0/toolchain/avr8/avr8-gnu-toolchain/bin/../lib/gcc/avr/4.9.2/../../../../avr/lib/avrxmega6\libm.a(mulsf3.o)
 .data          0x00000000        0x0 e:/atmel/as7/7.0/toolchain/avr8/avr8-gnu-toolchain/bin/../lib/gcc/avr/4.9.2/../../../../avr/lib/avrxmega6\libm.a(mulsf3.o)
 .bss           0x00000000        0x0 e:/atmel/as7/7.0/toolchain/avr8/avr8-gnu-toolchain/bin/../lib/gcc/avr/4.9.2/../../../../avr/lib/avrxmega6\libm.a(mulsf3.o)
 .text          0x00000000        0x0 e:/atmel/as7/7.0/toolchain/avr8/avr8-gnu-toolchain/bin/../lib/gcc/avr/4.9.2/../../../../avr/lib/avrxmega6\libm.a(mulsf3x.o)
 .data          0x00000000        0x0 e:/atmel/as7/7.0/toolchain/avr8/avr8-gnu-toolchain/bin/../lib/gcc/avr/4.9.2/../../../../avr/lib/avrxmega6\libm.a(mulsf3x.o)
 .bss           0x00000000        0x0 e:/atmel/as7/7.0/toolchain/avr8/avr8-gnu-toolchain/bin/../lib/gcc/avr/4.9.2/../../../../avr/lib/avrxmega6\libm.a(mulsf3x.o)
 .text          0x00000000        0x0 e:/atmel/as7/7.0/toolchain/avr8/avr8-gnu-toolchain/bin/../lib/gcc/avr/4.9.2/avrxmega6\libgcc.a(_divmodhi4.o)
 .data          0x00000000        0x0 e:/atmel/as7/7.0/toolchain/avr8/avr8-gnu-toolchain/bin/../lib/gcc/avr/4.9.2/avrxmega6\libgcc.a(_divmodhi4.o)
 .bss           0x00000000        0x0 e:/atmel/as7/7.0/toolchain/avr8/avr8-gnu-toolchain/bin/../lib/gcc/avr/4.9.2/avrxmega6\libgcc.a(_divmodhi4.o)
 .text.libgcc.mul
                0x00000000        0x0 e:/atmel/as7/7.0/toolchain/avr8/avr8-gnu-toolchain/bin/../lib/gcc/avr/4.9.2/avrxmega6\libgcc.a(_divmodhi4.o)
 .text.libgcc   0x00000000        0x0 e:/atmel/as7/7.0/toolchain/avr8/avr8-gnu-toolchain/bin/../lib/gcc/avr/4.9.2/avrxmega6\libgcc.a(_divmodhi4.o)
 .text.libgcc.prologue
                0x00000000        0x0 e:/atmel/as7/7.0/toolchain/avr8/avr8-gnu-toolchain/bin/../lib/gcc/avr/4.9.2/avrxmega6\libgcc.a(_divmodhi4.o)
 .text.libgcc.builtins
                0x00000000        0x0 e:/atmel/as7/7.0/toolchain/avr8/avr8-gnu-toolchain/bin/../lib/gcc/avr/4.9.2/avrxmega6\libgcc.a(_divmodhi4.o)
 .text.libgcc.fmul
                0x00000000        0x0 e:/atmel/as7/7.0/toolchain/avr8/avr8-gnu-toolchain/bin/../lib/gcc/avr/4.9.2/avrxmega6\libgcc.a(_divmodhi4.o)
 .text.libgcc.fixed
                0x00000000        0x0 e:/atmel/as7/7.0/toolchain/avr8/avr8-gnu-toolchain/bin/../lib/gcc/avr/4.9.2/avrxmega6\libgcc.a(_divmodhi4.o)
 .text          0x00000000        0x0 e:/atmel/as7/7.0/toolchain/avr8/avr8-gnu-toolchain/bin/../lib/gcc/avr/4.9.2/avrxmega6\libgcc.a(_udivmodsi4.o)
 .data          0x00000000        0x0 e:/atmel/as7/7.0/toolchain/avr8/avr8-gnu-toolchain/bin/../lib/gcc/avr/4.9.2/avrxmega6\libgcc.a(_udivmodsi4.o)
 .bss           0x00000000        0x0 e:/atmel/as7/7.0/toolchain/avr8/avr8-gnu-toolchain/bin/../lib/gcc/avr/4.9.2/avrxmega6\libgcc.a(_udivmodsi4.o)
 .text.libgcc.mul
                0x00000000        0x0 e:/atmel/as7/7.0/toolchain/avr8/avr8-gnu-toolchain/bin/../lib/gcc/avr/4.9.2/avrxmega6\libgcc.a(_udivmodsi4.o)
 .text.libgcc   0x00000000        0x0 e:/atmel/as7/7.0/toolchain/avr8/avr8-gnu-toolchain/bin/../lib/gcc/avr/4.9.2/avrxmega6\libgcc.a(_udivmodsi4.o)
 .text.libgcc.prologue
                0x00000000        0x0 e:/atmel/as7/7.0/toolchain/avr8/avr8-gnu-toolchain/bin/../lib/gcc/avr/4.9.2/avrxmega6\libgcc.a(_udivmodsi4.o)
 .text.libgcc.builtins
                0x00000000        0x0 e:/atmel/as7/7.0/toolchain/avr8/avr8-gnu-toolchain/bin/../lib/gcc/avr/4.9.2/avrxmega6\libgcc.a(_udivmodsi4.o)
 .text.libgcc.fmul
                0x00000000        0x0 e:/atmel/as7/7.0/toolchain/avr8/avr8-gnu-toolchain/bin/../lib/gcc/avr/4.9.2/avrxmega6\libgcc.a(_udivmodsi4.o)
 .text.libgcc.fixed
                0x00000000        0x0 e:/atmel/as7/7.0/toolchain/avr8/avr8-gnu-toolchain/bin/../lib/gcc/avr/4.9.2/avrxmega6\libgcc.a(_udivmodsi4.o)
 .text          0x00000000        0x0 e:/atmel/as7/7.0/toolchain/avr8/avr8-gnu-toolchain/bin/../lib/gcc/avr/4.9.2/avrxmega6\libgcc.a(_exit.o)
 .data          0x00000000        0x0 e:/atmel/as7/7.0/toolchain/avr8/avr8-gnu-toolchain/bin/../lib/gcc/avr/4.9.2/avrxmega6\libgcc.a(_exit.o)
 .bss           0x00000000        0x0 e:/atmel/as7/7.0/toolchain/avr8/avr8-gnu-toolchain/bin/../lib/gcc/avr/4.9.2/avrxmega6\libgcc.a(_exit.o)
 .text.libgcc.mul
                0x00000000        0x0 e:/atmel/as7/7.0/toolchain/avr8/avr8-gnu-toolchain/bin/../lib/gcc/avr/4.9.2/avrxmega6\libgcc.a(_exit.o)
 .text.libgcc.div
                0x00000000        0x0 e:/atmel/as7/7.0/toolchain/avr8/avr8-gnu-toolchain/bin/../lib/gcc/avr/4.9.2/avrxmega6\libgcc.a(_exit.o)
 .text.libgcc   0x00000000        0x0 e:/atmel/as7/7.0/toolchain/avr8/avr8-gnu-toolchain/bin/../lib/gcc/avr/4.9.2/avrxmega6\libgcc.a(_exit.o)
 .text.libgcc.prologue
                0x00000000        0x0 e:/atmel/as7/7.0/toolchain/avr8/avr8-gnu-toolchain/bin/../lib/gcc/avr/4.9.2/avrxmega6\libgcc.a(_exit.o)
 .text.libgcc.builtins
                0x00000000        0x0 e:/atmel/as7/7.0/toolchain/avr8/avr8-gnu-toolchain/bin/../lib/gcc/avr/4.9.2/avrxmega6\libgcc.a(_exit.o)
 .text.libgcc.fmul
                0x00000000        0x0 e:/atmel/as7/7.0/toolchain/avr8/avr8-gnu-toolchain/bin/../lib/gcc/avr/4.9.2/avrxmega6\libgcc.a(_exit.o)
 .text.libgcc.fixed
                0x00000000        0x0 e:/atmel/as7/7.0/toolchain/avr8/avr8-gnu-toolchain/bin/../lib/gcc/avr/4.9.2/avrxmega6\libgcc.a(_exit.o)
 .text          0x00000000        0x0 e:/atmel/as7/7.0/toolchain/avr8/avr8-gnu-toolchain/bin/../lib/gcc/avr/4.9.2/avrxmega6\libgcc.a(_copy_data.o)
 .data          0x00000000        0x0 e:/atmel/as7/7.0/toolchain/avr8/avr8-gnu-toolchain/bin/../lib/gcc/avr/4.9.2/avrxmega6\libgcc.a(_copy_data.o)
 .bss           0x00000000        0x0 e:/atmel/as7/7.0/toolchain/avr8/avr8-gnu-toolchain/bin/../lib/gcc/avr/4.9.2/avrxmega6\libgcc.a(_copy_data.o)
 .text.libgcc.mul
                0x00000000        0x0 e:/atmel/as7/7.0/toolchain/avr8/avr8-gnu-toolchain/bin/../lib/gcc/avr/4.9.2/avrxmega6\libgcc.a(_copy_data.o)
 .text.libgcc.div
                0x00000000        0x0 e:/atmel/as7/7.0/toolchain/avr8/avr8-gnu-toolchain/bin/../lib/gcc/avr/4.9.2/avrxmega6\libgcc.a(_copy_data.o)
 .text.libgcc   0x00000000        0x0 e:/atmel/as7/7.0/toolchain/avr8/avr8-gnu-toolchain/bin/../lib/gcc/avr/4.9.2/avrxmega6\libgcc.a(_copy_data.o)
 .text.libgcc.prologue
                0x00000000        0x0 e:/atmel/as7/7.0/toolchain/avr8/avr8-gnu-toolchain/bin/../lib/gcc/avr/4.9.2/avrxmega6\libgcc.a(_copy_data.o)
 .text.libgcc.builtins
                0x00000000        0x0 e:/atmel/as7/7.0/toolchain/avr8/avr8-gnu-toolchain/bin/../lib/gcc/avr/4.9.2/avrxmega6\libgcc.a(_copy_data.o)
 .text.libgcc.fmul
                0x00000000        0x0 e:/atmel/as7/7.0/toolchain/avr8/avr8-gnu-toolchain/bin/../lib/gcc/avr/4.9.2/avrxmega6\libgcc.a(_copy_data.o)
 .text.libgcc.fixed
                0x00000000        0x0 e:/atmel/as7/7.0/toolchain/avr8/avr8-gnu-toolchain/bin/../lib/gcc/avr/4.9.2/avrxmega6\libgcc.a(_copy_data.o)
 .text          0x00000000        0x0 e:/atmel/as7/7.0/toolchain/avr8/avr8-gnu-toolchain/bin/../lib/gcc/avr/4.9.2/avrxmega6\libgcc.a(_clear_bss.o)
 .data          0x00000000        0x0 e:/atmel/as7/7.0/toolchain/avr8/avr8-gnu-toolchain/bin/../lib/gcc/avr/4.9.2/avrxmega6\libgcc.a(_clear_bss.o)
 .bss           0x00000000        0x0 e:/atmel/as7/7.0/toolchain/avr8/avr8-gnu-toolchain/bin/../lib/gcc/avr/4.9.2/avrxmega6\libgcc.a(_clear_bss.o)
 .text.libgcc.mul
                0x00000000        0x0 e:/atmel/as7/7.0/toolchain/avr8/avr8-gnu-toolchain/bin/../lib/gcc/avr/4.9.2/avrxmega6\libgcc.a(_clear_bss.o)
 .text.libgcc.div
                0x00000000        0x0 e:/atmel/as7/7.0/toolchain/avr8/avr8-gnu-toolchain/bin/../lib/gcc/avr/4.9.2/avrxmega6\libgcc.a(_clear_bss.o)
 .text.libgcc   0x00000000        0x0 e:/atmel/as7/7.0/toolchain/avr8/avr8-gnu-toolchain/bin/../lib/gcc/avr/4.9.2/avrxmega6\libgcc.a(_clear_bss.o)
 .text.libgcc.prologue
                0x00000000        0x0 e:/atmel/as7/7.0/toolchain/avr8/avr8-gnu-toolchain/bin/../lib/gcc/avr/4.9.2/avrxmega6\libgcc.a(_clear_bss.o)
 .text.libgcc.builtins
                0x00000000        0x0 e:/atmel/as7/7.0/toolchain/avr8/avr8-gnu-toolchain/bin/../lib/gcc/avr/4.9.2/avrxmega6\libgcc.a(_clear_bss.o)
 .text.libgcc.fmul
                0x00000000        0x0 e:/atmel/as7/7.0/toolchain/avr8/avr8-gnu-toolchain/bin/../lib/gcc/avr/4.9.2/avrxmega6\libgcc.a(_clear_bss.o)
 .text.libgcc.fixed
                0x00000000        0x0 e:/atmel/as7/7.0/toolchain/avr8/avr8-gnu-toolchain/bin/../lib/gcc/avr/4.9.2/avrxmega6\libgcc.a(_clear_bss.o)
 .text          0x00000000        0x0 e:/atmel/as7/7.0/toolchain/avr8/avr8-gnu-toolchain/bin/../lib/gcc/avr/4.9.2/avrxmega6\libgcc.a(_umulhisi3.o)
 .data          0x00000000        0x0 e:/atmel/as7/7.0/toolchain/avr8/avr8-gnu-toolchain/bin/../lib/gcc/avr/4.9.2/avrxmega6\libgcc.a(_umulhisi3.o)
 .bss           0x00000000        0x0 e:/atmel/as7/7.0/toolchain/avr8/avr8-gnu-toolchain/bin/../lib/gcc/avr/4.9.2/avrxmega6\libgcc.a(_umulhisi3.o)
 .text.libgcc.div
                0x00000000        0x0 e:/atmel/as7/7.0/toolchain/avr8/avr8-gnu-toolchain/bin/../lib/gcc/avr/4.9.2/avrxmega6\libgcc.a(_umulhisi3.o)
 .text.libgcc   0x00000000        0x0 e:/atmel/as7/7.0/toolchain/avr8/avr8-gnu-toolchain/bin/../lib/gcc/avr/4.9.2/avrxmega6\libgcc.a(_umulhisi3.o)
 .text.libgcc.prologue
                0x00000000        0x0 e:/atmel/as7/7.0/toolchain/avr8/avr8-gnu-toolchain/bin/../lib/gcc/avr/4.9.2/avrxmega6\libgcc.a(_umulhisi3.o)
 .text.libgcc.builtins
                0x00000000        0x0 e:/atmel/as7/7.0/toolchain/avr8/avr8-gnu-toolchain/bin/../lib/gcc/avr/4.9.2/avrxmega6\libgcc.a(_umulhisi3.o)
 .text.libgcc.fmul
                0x00000000        0x0 e:/atmel/as7/7.0/toolchain/avr8/avr8-gnu-toolchain/bin/../lib/gcc/avr/4.9.2/avrxmega6\libgcc.a(_umulhisi3.o)
 .text.libgcc.fixed
                0x00000000        0x0 e:/atmel/as7/7.0/toolchain/avr8/avr8-gnu-toolchain/bin/../lib/gcc/avr/4.9.2/avrxmega6\libgcc.a(_umulhisi3.o)
 .text          0x00000000        0x0 e:/atmel/as7/7.0/toolchain/avr8/avr8-gnu-toolchain/bin/../lib/gcc/avr/4.9.2/avrxmega6\libgcc.a(_udivmodhi4.o)
 .data          0x00000000        0x0 e:/atmel/as7/7.0/toolchain/avr8/avr8-gnu-toolchain/bin/../lib/gcc/avr/4.9.2/avrxmega6\libgcc.a(_udivmodhi4.o)
 .bss           0x00000000        0x0 e:/atmel/as7/7.0/toolchain/avr8/avr8-gnu-toolchain/bin/../lib/gcc/avr/4.9.2/avrxmega6\libgcc.a(_udivmodhi4.o)
 .text.libgcc.mul
                0x00000000        0x0 e:/atmel/as7/7.0/toolchain/avr8/avr8-gnu-toolchain/bin/../lib/gcc/avr/4.9.2/avrxmega6\libgcc.a(_udivmodhi4.o)
 .text.libgcc   0x00000000        0x0 e:/atmel/as7/7.0/toolchain/avr8/avr8-gnu-toolchain/bin/../lib/gcc/avr/4.9.2/avrxmega6\libgcc.a(_udivmodhi4.o)
 .text.libgcc.prologue
                0x00000000        0x0 e:/atmel/as7/7.0/toolchain/avr8/avr8-gnu-toolchain/bin/../lib/gcc/avr/4.9.2/avrxmega6\libgcc.a(_udivmodhi4.o)
 .text.libgcc.builtins
                0x00000000        0x0 e:/atmel/as7/7.0/toolchain/avr8/avr8-gnu-toolchain/bin/../lib/gcc/avr/4.9.2/avrxmega6\libgcc.a(_udivmodhi4.o)
 .text.libgcc.fmul
                0x00000000        0x0 e:/atmel/as7/7.0/toolchain/avr8/avr8-gnu-toolchain/bin/../lib/gcc/avr/4.9.2/avrxmega6\libgcc.a(_udivmodhi4.o)
 .text.libgcc.fixed
                0x00000000        0x0 e:/atmel/as7/7.0/toolchain/avr8/avr8-gnu-toolchain/bin/../lib/gcc/avr/4.9.2/avrxmega6\libgcc.a(_udivmodhi4.o)

Memory Configuration

Name             Origin             Length             Attributes
text             0x00000000         0x00100000         xr
data             0x00802000         0x0000ffa0         rw !x
eeprom           0x00810000         0x00010000         rw !x
fuse             0x00820000         0x00000400         rw !x
lock             0x00830000         0x00000400         rw !x
signature        0x00840000         0x00000400         rw !x
user_signatures  0x00850000         0x00000400         rw !x
*default*        0x00000000         0xffffffff

Linker script and memory map

LOAD E:/Atmel/AS7/7.0/Packs/atmel/XMEGAA_DFP/1.0.36/gcc/dev/atxmega256a3bu/avrxmega6/crtatxmega256a3bu.o
LOAD ADC.o
LOAD CanSat.o
LOAD I2C.o
LOAD SPI.o
LOAD Initialization.o
LOAD util.o
START GROUP
LOAD e:/atmel/as7/7.0/toolchain/avr8/avr8-gnu-toolchain/bin/../lib/gcc/avr/4.9.2/../../../../avr/lib/avrxmega6\libm.a
END GROUP
START GROUP
LOAD e:/atmel/as7/7.0/toolchain/avr8/avr8-gnu-toolchain/bin/../lib/gcc/avr/4.9.2/avrxmega6\libgcc.a
LOAD e:/atmel/as7/7.0/toolchain/avr8/avr8-gnu-toolchain/bin/../lib/gcc/avr/4.9.2/../../../../avr/lib/avrxmega6\libm.a
LOAD e:/atmel/as7/7.0/toolchain/avr8/avr8-gnu-toolchain/bin/../lib/gcc/avr/4.9.2/../../../../avr/lib/avrxmega6\libc.a
LOAD E:/Atmel/AS7/7.0/Packs/atmel/XMEGAA_DFP/1.0.36/gcc/dev/atxmega256a3bu/avrxmega6\libatxmega256a3bu.a
END GROUP

.hash
 *(.hash)

.dynsym
 *(.dynsym)

.dynstr
 *(.dynstr)

.gnu.version
 *(.gnu.version)

.gnu.version_d
 *(.gnu.version_d)

.gnu.version_r
 *(.gnu.version_r)

.rel.init
 *(.rel.init)

.rela.init
 *(.rela.init)

.rel.text
 *(.rel.text)
 *(.rel.text.*)
 *(.rel.gnu.linkonce.t*)

.rela.text
 *(.rela.text)
 *(.rela.text.*)
 *(.rela.gnu.linkonce.t*)

.rel.fini
 *(.rel.fini)

.rela.fini
 *(.rela.fini)

.rel.rodata
 *(.rel.rodata)
 *(.rel.rodata.*)
 *(.rel.gnu.linkonce.r*)

.rela.rodata
 *(.rela.rodata)
 *(.rela.rodata.*)
 *(.rela.gnu.linkonce.r*)

.rel.data
 *(.rel.data)
 *(.rel.data.*)
 *(.rel.gnu.linkonce.d*)

.rela.data
 *(.rela.data)
 *(.rela.data.*)
 *(.rela.gnu.linkonce.d*)

.rel.ctors
 *(.rel.ctors)

.rela.ctors
 *(.rela.ctors)

.rel.dtors
 *(.rel.dtors)

.rela.dtors
 *(.rela.dtors)

.rel.got
 *(.rel.got)

.rela.got
 *(.rela.got)

.rel.bss
 *(.rel.bss)

.rela.bss
 *(.rela.bss)

.rel.plt
 *(.rel.plt)

.rela.plt
 *(.rela.plt)

.text           0x00000000     0x2016
 *(.vectors)
 .vectors       0x00000000      0x1fc E:/Atmel/AS7/7.0/Packs/atmel/XMEGAA_DFP/1.0.36/gcc/dev/atxmega256a3bu/avrxmega6/crtatxmega256a3bu.o
                0x00000000                __vectors
 *(.vectors)
 *(.progmem.gcc*)
                0x000001fc                . = ALIGN (0x2)
                0x000001fc                __trampolines_start = .
 *(.trampolines)
 .trampolines   0x000001fc        0x0 linker stubs
 *(.trampolines*)
                0x000001fc                __trampolines_end = .
 *(.progmem*)
                0x000001fc                . = ALIGN (0x2)
 *(.jumptables)
 *(.jumptables*)
 *(.lowtext)
 *(.lowtext*)
                0x000001fc                __ctors_start = .
 *(.ctors)
                0x000001fc                __ctors_end = .
                0x000001fc                __dtors_start = .
 *(.dtors)
                0x000001fc                __dtors_end = .
 SORT(*)(.ctors)
 SORT(*)(.dtors)
 *(.init0)
 .init0         0x000001fc        0x0 E:/Atmel/AS7/7.0/Packs/atmel/XMEGAA_DFP/1.0.36/gcc/dev/atxmega256a3bu/avrxmega6/crtatxmega256a3bu.o
                0x000001fc                __init
 *(.init0)
 *(.init1)
 *(.init1)
 *(.init2)
 .init2         0x000001fc       0x10 E:/Atmel/AS7/7.0/Packs/atmel/XMEGAA_DFP/1.0.36/gcc/dev/atxmega256a3bu/avrxmega6/crtatxmega256a3bu.o
 *(.init2)
 *(.init3)
 *(.init3)
 *(.init4)
 .init4         0x0000020c       0x1a e:/atmel/as7/7.0/toolchain/avr8/avr8-gnu-toolchain/bin/../lib/gcc/avr/4.9.2/avrxmega6\libgcc.a(_copy_data.o)
                0x0000020c                __do_copy_data
 .init4         0x00000226       0x10 e:/atmel/as7/7.0/toolchain/avr8/avr8-gnu-toolchain/bin/../lib/gcc/avr/4.9.2/avrxmega6\libgcc.a(_clear_bss.o)
                0x00000226                __do_clear_bss
 *(.init4)
 *(.init5)
 *(.init5)
 *(.init6)
 *(.init6)
 *(.init7)
 *(.init7)
 *(.init8)
 *(.init8)
 *(.init9)
 .init9         0x00000236        0x6 E:/Atmel/AS7/7.0/Packs/atmel/XMEGAA_DFP/1.0.36/gcc/dev/atxmega256a3bu/avrxmega6/crtatxmega256a3bu.o
 *(.init9)
 *(.text)
 .text          0x0000023c        0x2 E:/Atmel/AS7/7.0/Packs/atmel/XMEGAA_DFP/1.0.36/gcc/dev/atxmega256a3bu/avrxmega6/crtatxmega256a3bu.o
                0x0000023c                __vector_38
                0x0000023c                __vector_104
                0x0000023c                __vector_22
                0x0000023c                __vector_63
                0x0000023c                __vector_28
                0x0000023c                __vector_67
                0x0000023c                __vector_1
                0x0000023c                __vector_119
                0x0000023c                __vector_32
                0x0000023c                __vector_75
                0x0000023c                __vector_71
                0x0000023c                __vector_91
                0x0000023c                __vector_34
                0x0000023c                __vector_62
                0x0000023c                __vector_102
                0x0000023c                __vector_24
                0x0000023c                __vector_12
                0x0000023c                __vector_55
                0x0000023c                __vector_69
                0x0000023c                __vector_81
                0x0000023c                __vector_46
                0x0000023c                __bad_interrupt
                0x0000023c                __vector_122
                0x0000023c                __vector_72
                0x0000023c                __vector_114
                0x0000023c                __vector_6
                0x0000023c                __vector_110
                0x0000023c                __vector_31
                0x0000023c                __vector_92
                0x0000023c                __vector_35
                0x0000023c                __vector_78
                0x0000023c                __vector_74
                0x0000023c                __vector_117
                0x0000023c                __vector_39
                0x0000023c                __vector_107
                0x0000023c                __vector_3
                0x0000023c                __vector_105
                0x0000023c                __vector_98
                0x0000023c                __vector_23
                0x0000023c                __vector_68
                0x0000023c                __vector_30
                0x0000023c                __vector_73
                0x0000023c                __vector_45
                0x0000023c                __vector_25
                0x0000023c                __vector_93
                0x0000023c                __vector_61
                0x0000023c                __vector_11
                0x0000023c                __vector_54
                0x0000023c                __vector_99
                0x0000023c                __vector_13
                0x0000023c                __vector_17
                0x0000023c                __vector_19
                0x0000023c                __vector_56
                0x0000023c                __vector_7
                0x0000023c                __vector_125
                0x0000023c                __vector_49
                0x0000023c                __vector_123
                0x0000023c                __vector_41
                0x0000023c                __vector_86
                0x0000023c                __vector_100
                0x0000023c                __vector_101
                0x0000023c                __vector_64
                0x0000023c                __vector_109
                0x0000023c                __vector_43
                0x0000023c                __vector_27
                0x0000023c                __vector_5
                0x0000023c                __vector_113
                0x0000023c                __vector_33
                0x0000023c                __vector_76
                0x0000023c                __vector_115
                0x0000023c                __vector_52
                0x0000023c                __vector_37
                0x0000023c                __vector_95
                0x0000023c                __vector_103
                0x0000023c                __vector_96
                0x0000023c                __vector_89
                0x0000023c                __vector_4
                0x0000023c                __vector_44
                0x0000023c                __vector_82
                0x0000023c                __vector_106
                0x0000023c                __vector_118
                0x0000023c                __vector_51
                0x0000023c                __vector_9
                0x0000023c                __vector_2
                0x0000023c                __vector_21
                0x0000023c                __vector_15
                0x0000023c                __vector_66
                0x0000023c                __vector_36
                0x0000023c                __vector_79
                0x0000023c                __vector_58
                0x0000023c                __vector_70
                0x0000023c                __vector_83
                0x0000023c                __vector_29
                0x0000023c                __vector_60
                0x0000023c                __vector_121
                0x0000023c                __vector_40
                0x0000023c                __vector_85
                0x0000023c                __vector_94
                0x0000023c                __vector_126
                0x0000023c                __vector_8
                0x0000023c                __vector_26
                0x0000023c                __vector_48
                0x0000023c                __vector_124
                0x0000023c                __vector_116
                0x0000023c                __vector_112
                0x0000023c                __vector_111
                0x0000023c                __vector_80
                0x0000023c                __vector_84
                0x0000023c                __vector_57
                0x0000023c                __vector_53
                0x0000023c                __vector_10
                0x0000023c                __vector_50
                0x0000023c                __vector_16
                0x0000023c                __vector_59
                0x0000023c                __vector_18
                0x0000023c                __vector_97
                0x0000023c                __vector_20
                0x0000023c                __vector_42
                0x0000023c                __vector_87
                0x0000023c                __vector_65
                0x0000023c                __vector_120
                0x0000023e                . = ALIGN (0x2)
 *(.text.*)
 .text.AnalogUpdate
                0x0000023e      0x394 ADC.o
                0x0000023e                AnalogUpdate
 .text.__vector_default
                0x000005d2       0x1e CanSat.o
                0x000005d2                __vector_default
 .text.__vector_90
                0x000005f0       0x80 CanSat.o
                0x000005f0                __vector_90
 .text.__vector_88
                0x00000670      0x2d8 CanSat.o
                0x00000670                __vector_88
 .text.__vector_77
                0x00000948       0x90 CanSat.o
                0x00000948                __vector_77
 .text.__vector_47
                0x000009d8       0x58 CanSat.o
                0x000009d8                __vector_47
 .text.__vector_108
                0x00000a30       0xae CanSat.o
                0x00000a30                __vector_108
 .text.structInit
                0x00000ade       0x46 CanSat.o
                0x00000ade                structInit
 .text.SensorUpdate
                0x00000b24        0xa CanSat.o
                0x00000b24                SensorUpdate
 .text.__vector_14
                0x00000b2e       0xb2 CanSat.o
                0x00000b2e                __vector_14
 .text.Initialization
                0x00000be0       0x4a CanSat.o
                0x00000be0                Initialization
 .text.InitMemoryErase
                0x00000c2a       0x92 CanSat.o
                0x00000c2a                InitMemoryErase
 .text.InitMemoryRead
                0x00000cbc      0x1ac CanSat.o
                0x00000cbc                InitMemoryRead
 .text.WarmUp   0x00000e68       0x58 CanSat.o
                0x00000e68                WarmUp
 .text.WarmUpMemoryOperations
                0x00000ec0       0x1e CanSat.o
                0x00000ec0                WarmUpMemoryOperations
 .text.main     0x00000ede      0x124 CanSat.o
                0x00000ede                main
 .text.SPI_W_Byte
                0x00001002       0x26 SPI.o
                0x00001002                SPI_W_Byte
 .text.SPI_R_Byte
                0x00001028       0x14 SPI.o
                0x00001028                SPI_R_Byte
 .text.SPI_CS   0x0000103c       0x14 SPI.o
                0x0000103c                SPI_CS
 .text.SPI_WriteEnable
                0x00001050       0x1c SPI.o
                0x00001050                SPI_WriteEnable
 .text.SPI_WriteDisable
                0x0000106c       0x1c SPI.o
                0x0000106c                SPI_WriteDisable
 .text.SPI_WriteByte
                0x00001088       0x46 SPI.o
                0x00001088                SPI_WriteByte
 .text.SPI_WriteProtection
                0x000010ce       0x58 SPI.o
                0x000010ce                SPI_WriteProtection
 .text.SPI_WriteFin
                0x00001126       0x30 SPI.o
                0x00001126                SPI_WriteFin
 .text.SPI_ChipErase
                0x00001156       0x2e SPI.o
                0x00001156                SPI_ChipErase
 .text.SPI_FindEnd
                0x00001184       0x5a SPI.o
                0x00001184                SPI_FindEnd
 .text.SPI_WriteFrame
                0x000011de       0xb8 SPI.o
                0x000011de                SPI_WriteFrame
 .text.SPI_StoreFrame
                0x00001296       0x3c SPI.o
                0x00001296                SPI_StoreFrame
 .text.Osc2MHz  0x000012d2       0x70 Initialization.o
                0x000012d2                Osc2MHz
 .text.CPU_clk  0x00001342        0x6 Initialization.o
                0x00001342                CPU_clk
 .text.OscRTC   0x00001348        0x2 Initialization.o
                0x00001348                OscRTC
 .text.RTC_Init
                0x0000134a        0x2 Initialization.o
                0x0000134a                RTC_Init
 .text.TimerCInit
                0x0000134c       0x40 Initialization.o
                0x0000134c                TimerCInit
 .text.TimerDInit
                0x0000138c       0x40 Initialization.o
                0x0000138c                TimerDInit
 .text.TimerEInit
                0x000013cc       0x40 Initialization.o
                0x000013cc                TimerEInit
 .text.TimerFInit
                0x0000140c       0x4c Initialization.o
                0x0000140c                TimerFInit
 .text.USART_Init
                0x00001458       0x2c Initialization.o
                0x00001458                USART_Init
 .text.IO_Init  0x00001484       0xc2 Initialization.o
                0x00001484                IO_Init
 .text.I2C_Init
                0x00001546       0x18 Initialization.o
                0x00001546                I2C_Init
 .text.SPI_Init
                0x0000155e       0x26 Initialization.o
                0x0000155e                SPI_Init
 .text.ReadSignatureByte
                0x00001584       0x10 Initialization.o
                0x00001584                ReadSignatureByte
 .text.ADC_Init
                0x00001594       0x30 Initialization.o
                0x00001594                ADC_Init
 .text.prepareFrame
                0x000015c4      0x546 util.o
                0x000015c4                prepareFrame
 .text.Ignition_active
                0x00001b0a        0x8 util.o
                0x00001b0a                Ignition_active
 .text.Ignition_inactive
                0x00001b12        0x8 util.o
                0x00001b12                Ignition_inactive
 .text.MFV_valve_open
                0x00001b1a        0x8 util.o
                0x00001b1a                MFV_valve_open
 .text.MFV_valve_close
                0x00001b22        0x8 util.o
                0x00001b22                MFV_valve_close
 .text.MOV_valve_open
                0x00001b2a        0x8 util.o
                0x00001b2a                MOV_valve_open
 .text.MOV_valve_close
                0x00001b32        0x8 util.o
                0x00001b32                MOV_valve_close
 .text.MPV_valve_open
                0x00001b3a        0x8 util.o
                0x00001b3a                MPV_valve_open
 .text.FPV_valve_open
                0x00001b42        0x8 util.o
                0x00001b42                FPV_valve_open
 .text.FPV_valve_close
                0x00001b4a        0x8 util.o
                0x00001b4a                FPV_valve_close
 .text.SERVO_open
                0x00001b52        0xe util.o
                0x00001b52                SERVO_open
 .text.SERVO_close
                0x00001b60        0xe util.o
                0x00001b60                SERVO_close
 .text.Buzzer_active
                0x00001b6e        0x8 util.o
                0x00001b6e                Buzzer_active
 .text.Buzzer_inactive
                0x00001b76        0x8 util.o
                0x00001b76                Buzzer_inactive
 .text.Light_Red
                0x00001b7e        0x8 util.o
                0x00001b7e                Light_Red
 .text.CheckOutputState
                0x00001b86       0x60 util.o
                0x00001b86                CheckOutputState
 .text.avr-libc.fplib
                0x00001be6        0xa e:/atmel/as7/7.0/toolchain/avr8/avr8-gnu-toolchain/bin/../lib/gcc/avr/4.9.2/../../../../avr/lib/avrxmega6\libm.a(addsf3.o)
                0x00001be6                __subsf3
                0x00001be8                __addsf3
 .text.avr-libc.fplib
                0x00001bf0       0xc0 e:/atmel/as7/7.0/toolchain/avr8/avr8-gnu-toolchain/bin/../lib/gcc/avr/4.9.2/../../../../avr/lib/avrxmega6\libm.a(addsf3x.o)
                0x00001c0a                __addsf3x
 .text.avr-libc.fplib
                0x00001cb0        0x4 e:/atmel/as7/7.0/toolchain/avr8/avr8-gnu-toolchain/bin/../lib/gcc/avr/4.9.2/../../../../avr/lib/avrxmega6\libm.a(divsf3.o)
                0x00001cb0                __divsf3
 .text.avr-libc.fplib
                0x00001cb4       0xcc e:/atmel/as7/7.0/toolchain/avr8/avr8-gnu-toolchain/bin/../lib/gcc/avr/4.9.2/../../../../avr/lib/avrxmega6\libm.a(divsf3x.o)
                0x00001cca                __divsf3x
                0x00001cce                __divsf3_pse
 .text.avr-libc.fplib
                0x00001d80       0x7a e:/atmel/as7/7.0/toolchain/avr8/avr8-gnu-toolchain/bin/../lib/gcc/avr/4.9.2/../../../../avr/lib/avrxmega6\libm.a(floatsisf.o)
                0x00001d80                __floatunsisf
                0x00001d84                __floatsisf
 .text.avr-libc.fplib
                0x00001dfa        0xc e:/atmel/as7/7.0/toolchain/avr8/avr8-gnu-toolchain/bin/../lib/gcc/avr/4.9.2/../../../../avr/lib/avrxmega6\libm.a(fp_inf.o)
                0x00001dfa                __fp_inf
 .text.avr-libc.fplib
                0x00001e06        0x6 e:/atmel/as7/7.0/toolchain/avr8/avr8-gnu-toolchain/bin/../lib/gcc/avr/4.9.2/../../../../avr/lib/avrxmega6\libm.a(fp_nan.o)
                0x00001e06                __fp_nan
 .text.avr-libc.fplib
                0x00001e0c        0xe e:/atmel/as7/7.0/toolchain/avr8/avr8-gnu-toolchain/bin/../lib/gcc/avr/4.9.2/../../../../avr/lib/avrxmega6\libm.a(fp_pscA.o)
                0x00001e0c                __fp_pscA
 .text.avr-libc.fplib
                0x00001e1a        0xe e:/atmel/as7/7.0/toolchain/avr8/avr8-gnu-toolchain/bin/../lib/gcc/avr/4.9.2/../../../../avr/lib/avrxmega6\libm.a(fp_pscB.o)
                0x00001e1a                __fp_pscB
 .text.avr-libc.fplib
                0x00001e28       0x22 e:/atmel/as7/7.0/toolchain/avr8/avr8-gnu-toolchain/bin/../lib/gcc/avr/4.9.2/../../../../avr/lib/avrxmega6\libm.a(fp_round.o)
                0x00001e28                __fp_round
 .text.avr-libc.fplib
                0x00001e4a       0x44 e:/atmel/as7/7.0/toolchain/avr8/avr8-gnu-toolchain/bin/../lib/gcc/avr/4.9.2/../../../../avr/lib/avrxmega6\libm.a(fp_split3.o)
                0x00001e4a                __fp_split3
                0x00001e5a                __fp_splitA
 .text.avr-libc.fplib
                0x00001e8e        0xe e:/atmel/as7/7.0/toolchain/avr8/avr8-gnu-toolchain/bin/../lib/gcc/avr/4.9.2/../../../../avr/lib/avrxmega6\libm.a(fp_zero.o)
                0x00001e8e                __fp_zero
                0x00001e90                __fp_szero
 .text.avr-libc.fplib
                0x00001e9c        0x4 e:/atmel/as7/7.0/toolchain/avr8/avr8-gnu-toolchain/bin/../lib/gcc/avr/4.9.2/../../../../avr/lib/avrxmega6\libm.a(mulsf3.o)
                0x00001e9c                __mulsf3
 .text.avr-libc.fplib
                0x00001ea0       0xc2 e:/atmel/as7/7.0/toolchain/avr8/avr8-gnu-toolchain/bin/../lib/gcc/avr/4.9.2/../../../../avr/lib/avrxmega6\libm.a(mulsf3x.o)
                0x00001eb4                __mulsf3x
                0x00001eb8                __mulsf3_pse
 .text.libgcc.div
                0x00001f62       0x26 e:/atmel/as7/7.0/toolchain/avr8/avr8-gnu-toolchain/bin/../lib/gcc/avr/4.9.2/avrxmega6\libgcc.a(_divmodhi4.o)
                0x00001f62                _div
                0x00001f62                __divmodhi4
 .text.libgcc.div
                0x00001f88       0x44 e:/atmel/as7/7.0/toolchain/avr8/avr8-gnu-toolchain/bin/../lib/gcc/avr/4.9.2/avrxmega6\libgcc.a(_udivmodsi4.o)
                0x00001f88                __udivmodsi4
 .text.libgcc.mul
                0x00001fcc       0x1e e:/atmel/as7/7.0/toolchain/avr8/avr8-gnu-toolchain/bin/../lib/gcc/avr/4.9.2/avrxmega6\libgcc.a(_umulhisi3.o)
                0x00001fcc                __umulhisi3
 .text.libgcc.div
                0x00001fea       0x28 e:/atmel/as7/7.0/toolchain/avr8/avr8-gnu-toolchain/bin/../lib/gcc/avr/4.9.2/avrxmega6\libgcc.a(_udivmodhi4.o)
                0x00001fea                __udivmodhi4
                0x00002012                . = ALIGN (0x2)
 *(.fini9)
 .fini9         0x00002012        0x0 e:/atmel/as7/7.0/toolchain/avr8/avr8-gnu-toolchain/bin/../lib/gcc/avr/4.9.2/avrxmega6\libgcc.a(_exit.o)
                0x00002012                _exit
                0x00002012                exit
 *(.fini9)
 *(.fini8)
 *(.fini8)
 *(.fini7)
 *(.fini7)
 *(.fini6)
 *(.fini6)
 *(.fini5)
 *(.fini5)
 *(.fini4)
 *(.fini4)
 *(.fini3)
 *(.fini3)
 *(.fini2)
 *(.fini2)
 *(.fini1)
 *(.fini1)
 *(.fini0)
 .fini0         0x00002012        0x4 e:/atmel/as7/7.0/toolchain/avr8/avr8-gnu-toolchain/bin/../lib/gcc/avr/4.9.2/avrxmega6\libgcc.a(_exit.o)
 *(.fini0)
                0x00002016                _etext = .

.data           0x00802000       0xca load address 0x00002016
                0x00802000                PROVIDE (__data_start, .)
 *(.data)
 *(.data*)
 *(.rodata)
 .rodata        0x00802000       0xca CanSat.o
 *(.rodata*)
 *(.gnu.linkonce.d*)
                0x008020ca                . = ALIGN (0x2)
                0x008020ca                _edata = .
                0x008020ca                PROVIDE (__data_end, .)

.bss            0x008020ca      0x58b
                0x008020ca                PROVIDE (__bss_start, .)
 *(.bss)
 *(.bss*)
 .bss.SPIaddress
                0x008020ca        0x4 CanSat.o
 .bss.buzzer_d  0x008020ce        0x4 CanSat.o
 .bss.frame_b   0x008020d2      0x285 CanSat.o
 .bss.frame_d   0x00802357      0x285 CanSat.o
 .bss.stan_d    0x008025dc       0x14 CanSat.o
 .bss.RTC_d     0x008025f0        0xc CanSat.o
 .bss.allData_d
                0x008025fc        0xc CanSat.o
 .bss.Output_d  0x00802608        0x9 CanSat.o
 *(COMMON)
 COMMON         0x00802611       0x44 CanSat.o
                0x00802611                Analog_d
                0x00802655                PROVIDE (__bss_end, .)
                0x00002016                __data_load_start = LOADADDR (.data)
                0x000020e0                __data_load_end = (__data_load_start + SIZEOF (.data))

.noinit         0x00802655        0x0
                0x00802655                PROVIDE (__noinit_start, .)
 *(.noinit*)
                0x00802655                PROVIDE (__noinit_end, .)
                0x00802655                _end = .
                0x00802655                PROVIDE (__heap_start, .)

.eeprom         0x00810000        0x0
 *(.eeprom*)
                0x00810000                __eeprom_end = .

.fuse
 *(.fuse)
 *(.lfuse)
 *(.hfuse)
 *(.efuse)

.lock
 *(.lock*)

.signature
 *(.signature*)

.user_signatures
 *(.user_signatures*)

.stab
 *(.stab)

.stabstr
 *(.stabstr)

.stab.excl
 *(.stab.excl)

.stab.exclstr
 *(.stab.exclstr)

.stab.index
 *(.stab.index)

.stab.indexstr
 *(.stab.indexstr)

.comment        0x00000000       0x30
 *(.comment)
 .comment       0x00000000       0x30 ADC.o
                                 0x31 (size before relaxing)
 .comment       0x00000030       0x31 CanSat.o
 .comment       0x00000030       0x31 SPI.o
 .comment       0x00000030       0x31 Initialization.o
 .comment       0x00000030       0x31 util.o

.note.gnu.avr.deviceinfo
                0x00000000       0x44
 .note.gnu.avr.deviceinfo
                0x00000000       0x44 E:/Atmel/AS7/7.0/Packs/atmel/XMEGAA_DFP/1.0.36/gcc/dev/atxmega256a3bu/avrxmega6/crtatxmega256a3bu.o

.note.gnu.build-id
 *(.note.gnu.build-id)

.debug
 *(.debug)

.line
 *(.line)

.debug_srcinfo
 *(.debug_srcinfo)

.debug_sfnames
 *(.debug_sfnames)

.debug_aranges  0x00000000      0x2b0
 *(.debug_aranges)
 .debug_aranges
                0x00000000       0x20 ADC.o
 .debug_aranges
                0x00000020       0x98 CanSat.o
 .debug_aranges
                0x000000b8       0xb0 SPI.o
 .debug_aranges
                0x00000168       0x88 Initialization.o
 .debug_aranges
                0x000001f0       0xc0 util.o

.debug_pubnames
 *(.debug_pubnames)

.debug_info     0x00000000     0x45d8
 *(.debug_info .gnu.linkonce.wi.*)
 .debug_info    0x00000000      0x793 ADC.o
 .debug_info    0x00000793     0x15a8 CanSat.o
 .debug_info    0x00001d3b      0xf6b SPI.o
 .debug_info    0x00002ca6      0xfcd Initialization.o
 .debug_info    0x00003c73      0x965 util.o

.debug_abbrev   0x00000000      0xb48
 *(.debug_abbrev)
 .debug_abbrev  0x00000000      0x142 ADC.o
 .debug_abbrev  0x00000142      0x392 CanSat.o
 .debug_abbrev  0x000004d4      0x281 SPI.o
 .debug_abbrev  0x00000755      0x1f0 Initialization.o
 .debug_abbrev  0x00000945      0x203 util.o

.debug_line     0x00000000     0x1b43
 *(.debug_line .debug_line.* .debug_line_end)
 .debug_line    0x00000000      0x210 ADC.o
 .debug_line    0x00000210      0xa60 CanSat.o
 .debug_line    0x00000c70      0x60c SPI.o
 .debug_line    0x0000127c      0x436 Initialization.o
 .debug_line    0x000016b2      0x491 util.o

.debug_frame    0x00000000      0x904
 *(.debug_frame)
 .debug_frame   0x00000000       0x84 ADC.o
 .debug_frame   0x00000084      0x2e8 CanSat.o
 .debug_frame   0x0000036c      0x2a4 SPI.o
 .debug_frame   0x00000610      0x118 Initialization.o
 .debug_frame   0x00000728      0x1dc util.o

.debug_str      0x00000000     0x1c33
 *(.debug_str)
 .debug_str     0x00000000      0x7d5 ADC.o
                                0x831 (size before relaxing)
 .debug_str     0x000007d5      0x6a4 CanSat.o
                                0x9d6 (size before relaxing)
 .debug_str     0x00000e79      0x10a SPI.o
                                0x4dd (size before relaxing)
 .debug_str     0x00000f83      0xc59 Initialization.o
                               0x1205 (size before relaxing)
 .debug_str     0x00001bdc       0x57 util.o
                                0x663 (size before relaxing)

.debug_loc      0x00000000     0x1a83
 *(.debug_loc)
 .debug_loc     0x00000000      0x234 ADC.o
 .debug_loc     0x00000234      0x966 CanSat.o
 .debug_loc     0x00000b9a      0xa79 SPI.o
 .debug_loc     0x00001613      0x1ce Initialization.o
 .debug_loc     0x000017e1      0x2a2 util.o

.debug_macinfo
 *(.debug_macinfo)

.debug_weaknames
 *(.debug_weaknames)

.debug_funcnames
 *(.debug_funcnames)

.debug_typenames
 *(.debug_typenames)

.debug_varnames
 *(.debug_varnames)

.debug_pubtypes
 *(.debug_pubtypes)

.debug_ranges   0x00000000      0x260
 *(.debug_ranges)
 .debug_ranges  0x00000000       0x10 ADC.o
 .debug_ranges  0x00000010       0x88 CanSat.o
 .debug_ranges  0x00000098       0xa0 SPI.o
 .debug_ranges  0x00000138       0x78 Initialization.o
 .debug_ranges  0x000001b0       0xb0 util.o

.debug_macro
 *(.debug_macro)
OUTPUT(CanSat_V3 - 1kHz.elf elf32-avr)
LOAD linker stubs
