Archive member included to satisfy reference by file (symbol)

e:/atmel/as7/7.0/toolchain/avr8/avr8-gnu-toolchain/bin/../lib/gcc/avr/4.9.2/../../../../avr/lib/avrxmega6\libm.a(addsf3.o)
                              AD7195.o (__subsf3)
e:/atmel/as7/7.0/toolchain/avr8/avr8-gnu-toolchain/bin/../lib/gcc/avr/4.9.2/../../../../avr/lib/avrxmega6\libm.a(addsf3x.o)
                              e:/atmel/as7/7.0/toolchain/avr8/avr8-gnu-toolchain/bin/../lib/gcc/avr/4.9.2/../../../../avr/lib/avrxmega6\libm.a(addsf3.o) (__addsf3x)
e:/atmel/as7/7.0/toolchain/avr8/avr8-gnu-toolchain/bin/../lib/gcc/avr/4.9.2/../../../../avr/lib/avrxmega6\libm.a(cmpsf2.o)
                              util.o (__ltsf2)
e:/atmel/as7/7.0/toolchain/avr8/avr8-gnu-toolchain/bin/../lib/gcc/avr/4.9.2/../../../../avr/lib/avrxmega6\libm.a(divsf3.o)
                              AD7195.o (__divsf3)
e:/atmel/as7/7.0/toolchain/avr8/avr8-gnu-toolchain/bin/../lib/gcc/avr/4.9.2/../../../../avr/lib/avrxmega6\libm.a(divsf3x.o)
                              e:/atmel/as7/7.0/toolchain/avr8/avr8-gnu-toolchain/bin/../lib/gcc/avr/4.9.2/../../../../avr/lib/avrxmega6\libm.a(divsf3.o) (__divsf3x)
e:/atmel/as7/7.0/toolchain/avr8/avr8-gnu-toolchain/bin/../lib/gcc/avr/4.9.2/../../../../avr/lib/avrxmega6\libm.a(fixsfsi.o)
                              util.o (__fixsfsi)
e:/atmel/as7/7.0/toolchain/avr8/avr8-gnu-toolchain/bin/../lib/gcc/avr/4.9.2/../../../../avr/lib/avrxmega6\libm.a(fixunssfsi.o)
                              util.o (__fixunssfsi)
e:/atmel/as7/7.0/toolchain/avr8/avr8-gnu-toolchain/bin/../lib/gcc/avr/4.9.2/../../../../avr/lib/avrxmega6\libm.a(floatsisf.o)
                              AD7195.o (__floatunsisf)
e:/atmel/as7/7.0/toolchain/avr8/avr8-gnu-toolchain/bin/../lib/gcc/avr/4.9.2/../../../../avr/lib/avrxmega6\libm.a(fp_cmp.o)
                              e:/atmel/as7/7.0/toolchain/avr8/avr8-gnu-toolchain/bin/../lib/gcc/avr/4.9.2/../../../../avr/lib/avrxmega6\libm.a(cmpsf2.o) (__fp_cmp)
e:/atmel/as7/7.0/toolchain/avr8/avr8-gnu-toolchain/bin/../lib/gcc/avr/4.9.2/../../../../avr/lib/avrxmega6\libm.a(fp_inf.o)
                              e:/atmel/as7/7.0/toolchain/avr8/avr8-gnu-toolchain/bin/../lib/gcc/avr/4.9.2/../../../../avr/lib/avrxmega6\libm.a(addsf3x.o) (__fp_inf)
e:/atmel/as7/7.0/toolchain/avr8/avr8-gnu-toolchain/bin/../lib/gcc/avr/4.9.2/../../../../avr/lib/avrxmega6\libm.a(fp_nan.o)
                              e:/atmel/as7/7.0/toolchain/avr8/avr8-gnu-toolchain/bin/../lib/gcc/avr/4.9.2/../../../../avr/lib/avrxmega6\libm.a(addsf3x.o) (__fp_nan)
e:/atmel/as7/7.0/toolchain/avr8/avr8-gnu-toolchain/bin/../lib/gcc/avr/4.9.2/../../../../avr/lib/avrxmega6\libm.a(fp_pscA.o)
                              e:/atmel/as7/7.0/toolchain/avr8/avr8-gnu-toolchain/bin/../lib/gcc/avr/4.9.2/../../../../avr/lib/avrxmega6\libm.a(addsf3x.o) (__fp_pscA)
e:/atmel/as7/7.0/toolchain/avr8/avr8-gnu-toolchain/bin/../lib/gcc/avr/4.9.2/../../../../avr/lib/avrxmega6\libm.a(fp_pscB.o)
                              e:/atmel/as7/7.0/toolchain/avr8/avr8-gnu-toolchain/bin/../lib/gcc/avr/4.9.2/../../../../avr/lib/avrxmega6\libm.a(addsf3x.o) (__fp_pscB)
e:/atmel/as7/7.0/toolchain/avr8/avr8-gnu-toolchain/bin/../lib/gcc/avr/4.9.2/../../../../avr/lib/avrxmega6\libm.a(fp_round.o)
                              e:/atmel/as7/7.0/toolchain/avr8/avr8-gnu-toolchain/bin/../lib/gcc/avr/4.9.2/../../../../avr/lib/avrxmega6\libm.a(addsf3.o) (__fp_round)
e:/atmel/as7/7.0/toolchain/avr8/avr8-gnu-toolchain/bin/../lib/gcc/avr/4.9.2/../../../../avr/lib/avrxmega6\libm.a(fp_split3.o)
                              e:/atmel/as7/7.0/toolchain/avr8/avr8-gnu-toolchain/bin/../lib/gcc/avr/4.9.2/../../../../avr/lib/avrxmega6\libm.a(addsf3x.o) (__fp_split3)
e:/atmel/as7/7.0/toolchain/avr8/avr8-gnu-toolchain/bin/../lib/gcc/avr/4.9.2/../../../../avr/lib/avrxmega6\libm.a(fp_zero.o)
                              e:/atmel/as7/7.0/toolchain/avr8/avr8-gnu-toolchain/bin/../lib/gcc/avr/4.9.2/../../../../avr/lib/avrxmega6\libm.a(addsf3x.o) (__fp_zero)
e:/atmel/as7/7.0/toolchain/avr8/avr8-gnu-toolchain/bin/../lib/gcc/avr/4.9.2/../../../../avr/lib/avrxmega6\libm.a(mulsf3.o)
                              util.o (__mulsf3)
e:/atmel/as7/7.0/toolchain/avr8/avr8-gnu-toolchain/bin/../lib/gcc/avr/4.9.2/../../../../avr/lib/avrxmega6\libm.a(mulsf3x.o)
                              e:/atmel/as7/7.0/toolchain/avr8/avr8-gnu-toolchain/bin/../lib/gcc/avr/4.9.2/../../../../avr/lib/avrxmega6\libm.a(mulsf3.o) (__mulsf3x)
e:/atmel/as7/7.0/toolchain/avr8/avr8-gnu-toolchain/bin/../lib/gcc/avr/4.9.2/avrxmega6\libgcc.a(_divmodhi4.o)
                              util.o (__divmodhi4)
e:/atmel/as7/7.0/toolchain/avr8/avr8-gnu-toolchain/bin/../lib/gcc/avr/4.9.2/avrxmega6\libgcc.a(_udivmodsi4.o)
                              FATFS/ff.o (__udivmodsi4)
e:/atmel/as7/7.0/toolchain/avr8/avr8-gnu-toolchain/bin/../lib/gcc/avr/4.9.2/avrxmega6\libgcc.a(_divmodsi4.o)
                              util.o (__divmodsi4)
e:/atmel/as7/7.0/toolchain/avr8/avr8-gnu-toolchain/bin/../lib/gcc/avr/4.9.2/avrxmega6\libgcc.a(_negsi2.o)
                              e:/atmel/as7/7.0/toolchain/avr8/avr8-gnu-toolchain/bin/../lib/gcc/avr/4.9.2/avrxmega6\libgcc.a(_divmodsi4.o) (__negsi2)
e:/atmel/as7/7.0/toolchain/avr8/avr8-gnu-toolchain/bin/../lib/gcc/avr/4.9.2/avrxmega6\libgcc.a(_exit.o)
                              E:/Atmel/AS7/7.0/Packs/atmel/XMEGAA_DFP/1.0.36/gcc/dev/atxmega128a3u/avrxmega6/crtatxmega128a3u.o (exit)
e:/atmel/as7/7.0/toolchain/avr8/avr8-gnu-toolchain/bin/../lib/gcc/avr/4.9.2/avrxmega6\libgcc.a(_copy_data.o)
                              CanSat.o (__do_copy_data)
e:/atmel/as7/7.0/toolchain/avr8/avr8-gnu-toolchain/bin/../lib/gcc/avr/4.9.2/avrxmega6\libgcc.a(_clear_bss.o)
                              CanSat.o (__do_clear_bss)
e:/atmel/as7/7.0/toolchain/avr8/avr8-gnu-toolchain/bin/../lib/gcc/avr/4.9.2/avrxmega6\libgcc.a(_umulhisi3.o)
                              Initialization.o (__umulhisi3)
e:/atmel/as7/7.0/toolchain/avr8/avr8-gnu-toolchain/bin/../lib/gcc/avr/4.9.2/avrxmega6\libgcc.a(_muluhisi3.o)
                              FATFS/ff.o (__muluhisi3)
e:/atmel/as7/7.0/toolchain/avr8/avr8-gnu-toolchain/bin/../lib/gcc/avr/4.9.2/avrxmega6\libgcc.a(_muldi3.o)
                              SD.o (__muldi3)
e:/atmel/as7/7.0/toolchain/avr8/avr8-gnu-toolchain/bin/../lib/gcc/avr/4.9.2/avrxmega6\libgcc.a(_muldi3_6.o)
                              e:/atmel/as7/7.0/toolchain/avr8/avr8-gnu-toolchain/bin/../lib/gcc/avr/4.9.2/avrxmega6\libgcc.a(_muldi3.o) (__muldi3_6)
e:/atmel/as7/7.0/toolchain/avr8/avr8-gnu-toolchain/bin/../lib/gcc/avr/4.9.2/avrxmega6\libgcc.a(_ashldi3.o)
                              SD.o (__ashldi3)
e:/atmel/as7/7.0/toolchain/avr8/avr8-gnu-toolchain/bin/../lib/gcc/avr/4.9.2/avrxmega6\libgcc.a(_ashrdi3.o)
                              SD.o (__lshrdi3)
e:/atmel/as7/7.0/toolchain/avr8/avr8-gnu-toolchain/bin/../lib/gcc/avr/4.9.2/avrxmega6\libgcc.a(_udivmodhi4.o)
                              e:/atmel/as7/7.0/toolchain/avr8/avr8-gnu-toolchain/bin/../lib/gcc/avr/4.9.2/avrxmega6\libgcc.a(_divmodhi4.o) (__udivmodhi4)
e:/atmel/as7/7.0/toolchain/avr8/avr8-gnu-toolchain/bin/../lib/gcc/avr/4.9.2/../../../../avr/lib/avrxmega6\libc.a(sprintf.o)
                              util.o (sprintf)
e:/atmel/as7/7.0/toolchain/avr8/avr8-gnu-toolchain/bin/../lib/gcc/avr/4.9.2/../../../../avr/lib/avrxmega6\libc.a(vfprintf_std.o)
                              e:/atmel/as7/7.0/toolchain/avr8/avr8-gnu-toolchain/bin/../lib/gcc/avr/4.9.2/../../../../avr/lib/avrxmega6\libc.a(sprintf.o) (vfprintf)
e:/atmel/as7/7.0/toolchain/avr8/avr8-gnu-toolchain/bin/../lib/gcc/avr/4.9.2/../../../../avr/lib/avrxmega6\libc.a(strnlen_P.o)
                              e:/atmel/as7/7.0/toolchain/avr8/avr8-gnu-toolchain/bin/../lib/gcc/avr/4.9.2/../../../../avr/lib/avrxmega6\libc.a(vfprintf_std.o) (strnlen_P)
e:/atmel/as7/7.0/toolchain/avr8/avr8-gnu-toolchain/bin/../lib/gcc/avr/4.9.2/../../../../avr/lib/avrxmega6\libc.a(strnlen.o)
                              e:/atmel/as7/7.0/toolchain/avr8/avr8-gnu-toolchain/bin/../lib/gcc/avr/4.9.2/../../../../avr/lib/avrxmega6\libc.a(vfprintf_std.o) (strnlen)
e:/atmel/as7/7.0/toolchain/avr8/avr8-gnu-toolchain/bin/../lib/gcc/avr/4.9.2/../../../../avr/lib/avrxmega6\libc.a(fputc.o)
                              e:/atmel/as7/7.0/toolchain/avr8/avr8-gnu-toolchain/bin/../lib/gcc/avr/4.9.2/../../../../avr/lib/avrxmega6\libc.a(vfprintf_std.o) (fputc)
e:/atmel/as7/7.0/toolchain/avr8/avr8-gnu-toolchain/bin/../lib/gcc/avr/4.9.2/../../../../avr/lib/avrxmega6\libc.a(ultoa_invert.o)
                              e:/atmel/as7/7.0/toolchain/avr8/avr8-gnu-toolchain/bin/../lib/gcc/avr/4.9.2/../../../../avr/lib/avrxmega6\libc.a(vfprintf_std.o) (__ultoa_invert)

Allocating common symbols
Common symbol       size              file

SD_Status           0x1               SD.o
pomiar              0x222             CanSat.o
bw                  0x2               CanSat.o
Analog_d            0x44              CanSat.o
SD_Type             0x1               SD.o
fatfs               0x233             CanSat.o

Discarded input sections

 .data          0x00000000        0x0 E:/Atmel/AS7/7.0/Packs/atmel/XMEGAA_DFP/1.0.36/gcc/dev/atxmega128a3u/avrxmega6/crtatxmega128a3u.o
 .bss           0x00000000        0x0 E:/Atmel/AS7/7.0/Packs/atmel/XMEGAA_DFP/1.0.36/gcc/dev/atxmega128a3u/avrxmega6/crtatxmega128a3u.o
 .text          0x00000000        0x0 AD7195.o
 .data          0x00000000        0x0 AD7195.o
 .bss           0x00000000        0x0 AD7195.o
 .text.AD7195_WhoIam
                0x00000000       0x28 AD7195.o
 .text          0x00000000        0x0 CanSat.o
 .data          0x00000000        0x0 CanSat.o
 .bss           0x00000000        0x0 CanSat.o
 .text.SensorUpdate
                0x00000000        0x2 CanSat.o
 .bss.frame_count
                0x00000000        0x4 CanSat.o
 .bss.mission_time
                0x00000000        0x4 CanSat.o
 .text          0x00000000        0x0 FATFS/ff.o
 .data          0x00000000        0x0 FATFS/ff.o
 .bss           0x00000000        0x0 FATFS/ff.o
 .text.dir_read
                0x00000000       0x98 FATFS/ff.o
 .text.f_read   0x00000000      0x300 FATFS/ff.o
 .text.f_chdir  0x00000000       0xa2 FATFS/ff.o
 .text.f_getcwd
                0x00000000      0x258 FATFS/ff.o
 .text.f_lseek  0x00000000      0x3c8 FATFS/ff.o
 .text.f_opendir
                0x00000000       0xc0 FATFS/ff.o
 .text.f_closedir
                0x00000000       0x34 FATFS/ff.o
 .text.f_readdir
                0x00000000       0x7c FATFS/ff.o
 .text.f_getfree
                0x00000000      0x21c FATFS/ff.o
 .text.f_truncate
                0x00000000      0x19e FATFS/ff.o
 .text.f_unlink
                0x00000000      0x160 FATFS/ff.o
 .text.f_mkdir  0x00000000      0x2be FATFS/ff.o
 .text.f_rename
                0x00000000      0x218 FATFS/ff.o
 .text          0x00000000        0x0 I2C.o
 .data          0x00000000        0x0 I2C.o
 .bss           0x00000000        0x0 I2C.o
 .text.I2C_ReadEnd
                0x00000000       0x1a I2C.o
 .text.I2C_WriteReg
                0x00000000       0x32 I2C.o
 .text.I2C_ReadRegister
                0x00000000       0x74 I2C.o
 .debug_info    0x00000000      0x313 I2C.o
 .debug_abbrev  0x00000000      0x158 I2C.o
 .debug_loc     0x00000000      0x1b2 I2C.o
 .debug_aranges
                0x00000000       0x30 I2C.o
 .debug_ranges  0x00000000       0x20 I2C.o
 .debug_line    0x00000000      0x1d5 I2C.o
 .debug_str     0x00000000      0x313 I2C.o
 .comment       0x00000000       0x31 I2C.o
 .debug_frame   0x00000000       0x60 I2C.o
 .text          0x00000000        0x0 SD.o
 .data          0x00000000        0x0 SD.o
 .bss           0x00000000        0x0 SD.o
 .text          0x00000000        0x0 SPI.o
 .data          0x00000000        0x0 SPI.o
 .bss           0x00000000        0x0 SPI.o
 .text          0x00000000        0x0 Initialization.o
 .data          0x00000000        0x0 Initialization.o
 .bss           0x00000000        0x0 Initialization.o
 .text.ReadSignatureByte
                0x00000000       0x10 Initialization.o
 .text.Clock_Init
                0x00000000        0x2 Initialization.o
 .text          0x00000000        0x0 util.o
 .data          0x00000000        0x0 util.o
 .bss           0x00000000        0x0 util.o
 .text.float2char
                0x00000000      0x1ba util.o
 .text.prepareFrame
                0x00000000     0x1214 util.o
 .text.prepareFrameBIN
                0x00000000      0x382 util.o
 .text.BL_onoff
                0x00000000       0x14 util.o
 .text.TempConvPT100
                0x00000000        0xc util.o
 .text.ClockReset
                0x00000000       0x14 util.o
 .text.ClockGet
                0x00000000       0x14 util.o
 .text          0x00000000        0x0 e:/atmel/as7/7.0/toolchain/avr8/avr8-gnu-toolchain/bin/../lib/gcc/avr/4.9.2/../../../../avr/lib/avrxmega6\libm.a(addsf3.o)
 .data          0x00000000        0x0 e:/atmel/as7/7.0/toolchain/avr8/avr8-gnu-toolchain/bin/../lib/gcc/avr/4.9.2/../../../../avr/lib/avrxmega6\libm.a(addsf3.o)
 .bss           0x00000000        0x0 e:/atmel/as7/7.0/toolchain/avr8/avr8-gnu-toolchain/bin/../lib/gcc/avr/4.9.2/../../../../avr/lib/avrxmega6\libm.a(addsf3.o)
 .text          0x00000000        0x0 e:/atmel/as7/7.0/toolchain/avr8/avr8-gnu-toolchain/bin/../lib/gcc/avr/4.9.2/../../../../avr/lib/avrxmega6\libm.a(addsf3x.o)
 .data          0x00000000        0x0 e:/atmel/as7/7.0/toolchain/avr8/avr8-gnu-toolchain/bin/../lib/gcc/avr/4.9.2/../../../../avr/lib/avrxmega6\libm.a(addsf3x.o)
 .bss           0x00000000        0x0 e:/atmel/as7/7.0/toolchain/avr8/avr8-gnu-toolchain/bin/../lib/gcc/avr/4.9.2/../../../../avr/lib/avrxmega6\libm.a(addsf3x.o)
 .text          0x00000000        0x0 e:/atmel/as7/7.0/toolchain/avr8/avr8-gnu-toolchain/bin/../lib/gcc/avr/4.9.2/../../../../avr/lib/avrxmega6\libm.a(cmpsf2.o)
 .data          0x00000000        0x0 e:/atmel/as7/7.0/toolchain/avr8/avr8-gnu-toolchain/bin/../lib/gcc/avr/4.9.2/../../../../avr/lib/avrxmega6\libm.a(cmpsf2.o)
 .bss           0x00000000        0x0 e:/atmel/as7/7.0/toolchain/avr8/avr8-gnu-toolchain/bin/../lib/gcc/avr/4.9.2/../../../../avr/lib/avrxmega6\libm.a(cmpsf2.o)
 .text.avr-libc.fplib
                0x00000000        0xa e:/atmel/as7/7.0/toolchain/avr8/avr8-gnu-toolchain/bin/../lib/gcc/avr/4.9.2/../../../../avr/lib/avrxmega6\libm.a(cmpsf2.o)
 .text          0x00000000        0x0 e:/atmel/as7/7.0/toolchain/avr8/avr8-gnu-toolchain/bin/../lib/gcc/avr/4.9.2/../../../../avr/lib/avrxmega6\libm.a(divsf3.o)
 .data          0x00000000        0x0 e:/atmel/as7/7.0/toolchain/avr8/avr8-gnu-toolchain/bin/../lib/gcc/avr/4.9.2/../../../../avr/lib/avrxmega6\libm.a(divsf3.o)
 .bss           0x00000000        0x0 e:/atmel/as7/7.0/toolchain/avr8/avr8-gnu-toolchain/bin/../lib/gcc/avr/4.9.2/../../../../avr/lib/avrxmega6\libm.a(divsf3.o)
 .text          0x00000000        0x0 e:/atmel/as7/7.0/toolchain/avr8/avr8-gnu-toolchain/bin/../lib/gcc/avr/4.9.2/../../../../avr/lib/avrxmega6\libm.a(divsf3x.o)
 .data          0x00000000        0x0 e:/atmel/as7/7.0/toolchain/avr8/avr8-gnu-toolchain/bin/../lib/gcc/avr/4.9.2/../../../../avr/lib/avrxmega6\libm.a(divsf3x.o)
 .bss           0x00000000        0x0 e:/atmel/as7/7.0/toolchain/avr8/avr8-gnu-toolchain/bin/../lib/gcc/avr/4.9.2/../../../../avr/lib/avrxmega6\libm.a(divsf3x.o)
 .text          0x00000000        0x0 e:/atmel/as7/7.0/toolchain/avr8/avr8-gnu-toolchain/bin/../lib/gcc/avr/4.9.2/../../../../avr/lib/avrxmega6\libm.a(fixsfsi.o)
 .data          0x00000000        0x0 e:/atmel/as7/7.0/toolchain/avr8/avr8-gnu-toolchain/bin/../lib/gcc/avr/4.9.2/../../../../avr/lib/avrxmega6\libm.a(fixsfsi.o)
 .bss           0x00000000        0x0 e:/atmel/as7/7.0/toolchain/avr8/avr8-gnu-toolchain/bin/../lib/gcc/avr/4.9.2/../../../../avr/lib/avrxmega6\libm.a(fixsfsi.o)
 .text.avr-libc.fplib
                0x00000000        0xe e:/atmel/as7/7.0/toolchain/avr8/avr8-gnu-toolchain/bin/../lib/gcc/avr/4.9.2/../../../../avr/lib/avrxmega6\libm.a(fixsfsi.o)
 .text          0x00000000        0x0 e:/atmel/as7/7.0/toolchain/avr8/avr8-gnu-toolchain/bin/../lib/gcc/avr/4.9.2/../../../../avr/lib/avrxmega6\libm.a(fixunssfsi.o)
 .data          0x00000000        0x0 e:/atmel/as7/7.0/toolchain/avr8/avr8-gnu-toolchain/bin/../lib/gcc/avr/4.9.2/../../../../avr/lib/avrxmega6\libm.a(fixunssfsi.o)
 .bss           0x00000000        0x0 e:/atmel/as7/7.0/toolchain/avr8/avr8-gnu-toolchain/bin/../lib/gcc/avr/4.9.2/../../../../avr/lib/avrxmega6\libm.a(fixunssfsi.o)
 .text.avr-libc.fplib
                0x00000000       0x5e e:/atmel/as7/7.0/toolchain/avr8/avr8-gnu-toolchain/bin/../lib/gcc/avr/4.9.2/../../../../avr/lib/avrxmega6\libm.a(fixunssfsi.o)
 .text          0x00000000        0x0 e:/atmel/as7/7.0/toolchain/avr8/avr8-gnu-toolchain/bin/../lib/gcc/avr/4.9.2/../../../../avr/lib/avrxmega6\libm.a(floatsisf.o)
 .data          0x00000000        0x0 e:/atmel/as7/7.0/toolchain/avr8/avr8-gnu-toolchain/bin/../lib/gcc/avr/4.9.2/../../../../avr/lib/avrxmega6\libm.a(floatsisf.o)
 .bss           0x00000000        0x0 e:/atmel/as7/7.0/toolchain/avr8/avr8-gnu-toolchain/bin/../lib/gcc/avr/4.9.2/../../../../avr/lib/avrxmega6\libm.a(floatsisf.o)
 .text          0x00000000        0x0 e:/atmel/as7/7.0/toolchain/avr8/avr8-gnu-toolchain/bin/../lib/gcc/avr/4.9.2/../../../../avr/lib/avrxmega6\libm.a(fp_cmp.o)
 .data          0x00000000        0x0 e:/atmel/as7/7.0/toolchain/avr8/avr8-gnu-toolchain/bin/../lib/gcc/avr/4.9.2/../../../../avr/lib/avrxmega6\libm.a(fp_cmp.o)
 .bss           0x00000000        0x0 e:/atmel/as7/7.0/toolchain/avr8/avr8-gnu-toolchain/bin/../lib/gcc/avr/4.9.2/../../../../avr/lib/avrxmega6\libm.a(fp_cmp.o)
 .text.avr-libc.fplib
                0x00000000       0x48 e:/atmel/as7/7.0/toolchain/avr8/avr8-gnu-toolchain/bin/../lib/gcc/avr/4.9.2/../../../../avr/lib/avrxmega6\libm.a(fp_cmp.o)
 .text          0x00000000        0x0 e:/atmel/as7/7.0/toolchain/avr8/avr8-gnu-toolchain/bin/../lib/gcc/avr/4.9.2/../../../../avr/lib/avrxmega6\libm.a(fp_inf.o)
 .data          0x00000000        0x0 e:/atmel/as7/7.0/toolchain/avr8/avr8-gnu-toolchain/bin/../lib/gcc/avr/4.9.2/../../../../avr/lib/avrxmega6\libm.a(fp_inf.o)
 .bss           0x00000000        0x0 e:/atmel/as7/7.0/toolchain/avr8/avr8-gnu-toolchain/bin/../lib/gcc/avr/4.9.2/../../../../avr/lib/avrxmega6\libm.a(fp_inf.o)
 .text          0x00000000        0x0 e:/atmel/as7/7.0/toolchain/avr8/avr8-gnu-toolchain/bin/../lib/gcc/avr/4.9.2/../../../../avr/lib/avrxmega6\libm.a(fp_nan.o)
 .data          0x00000000        0x0 e:/atmel/as7/7.0/toolchain/avr8/avr8-gnu-toolchain/bin/../lib/gcc/avr/4.9.2/../../../../avr/lib/avrxmega6\libm.a(fp_nan.o)
 .bss           0x00000000        0x0 e:/atmel/as7/7.0/toolchain/avr8/avr8-gnu-toolchain/bin/../lib/gcc/avr/4.9.2/../../../../avr/lib/avrxmega6\libm.a(fp_nan.o)
 .text          0x00000000        0x0 e:/atmel/as7/7.0/toolchain/avr8/avr8-gnu-toolchain/bin/../lib/gcc/avr/4.9.2/../../../../avr/lib/avrxmega6\libm.a(fp_pscA.o)
 .data          0x00000000        0x0 e:/atmel/as7/7.0/toolchain/avr8/avr8-gnu-toolchain/bin/../lib/gcc/avr/4.9.2/../../../../avr/lib/avrxmega6\libm.a(fp_pscA.o)
 .bss           0x00000000        0x0 e:/atmel/as7/7.0/toolchain/avr8/avr8-gnu-toolchain/bin/../lib/gcc/avr/4.9.2/../../../../avr/lib/avrxmega6\libm.a(fp_pscA.o)
 .text          0x00000000        0x0 e:/atmel/as7/7.0/toolchain/avr8/avr8-gnu-toolchain/bin/../lib/gcc/avr/4.9.2/../../../../avr/lib/avrxmega6\libm.a(fp_pscB.o)
 .data          0x00000000        0x0 e:/atmel/as7/7.0/toolchain/avr8/avr8-gnu-toolchain/bin/../lib/gcc/avr/4.9.2/../../../../avr/lib/avrxmega6\libm.a(fp_pscB.o)
 .bss           0x00000000        0x0 e:/atmel/as7/7.0/toolchain/avr8/avr8-gnu-toolchain/bin/../lib/gcc/avr/4.9.2/../../../../avr/lib/avrxmega6\libm.a(fp_pscB.o)
 .text          0x00000000        0x0 e:/atmel/as7/7.0/toolchain/avr8/avr8-gnu-toolchain/bin/../lib/gcc/avr/4.9.2/../../../../avr/lib/avrxmega6\libm.a(fp_round.o)
 .data          0x00000000        0x0 e:/atmel/as7/7.0/toolchain/avr8/avr8-gnu-toolchain/bin/../lib/gcc/avr/4.9.2/../../../../avr/lib/avrxmega6\libm.a(fp_round.o)
 .bss           0x00000000        0x0 e:/atmel/as7/7.0/toolchain/avr8/avr8-gnu-toolchain/bin/../lib/gcc/avr/4.9.2/../../../../avr/lib/avrxmega6\libm.a(fp_round.o)
 .text          0x00000000        0x0 e:/atmel/as7/7.0/toolchain/avr8/avr8-gnu-toolchain/bin/../lib/gcc/avr/4.9.2/../../../../avr/lib/avrxmega6\libm.a(fp_split3.o)
 .data          0x00000000        0x0 e:/atmel/as7/7.0/toolchain/avr8/avr8-gnu-toolchain/bin/../lib/gcc/avr/4.9.2/../../../../avr/lib/avrxmega6\libm.a(fp_split3.o)
 .bss           0x00000000        0x0 e:/atmel/as7/7.0/toolchain/avr8/avr8-gnu-toolchain/bin/../lib/gcc/avr/4.9.2/../../../../avr/lib/avrxmega6\libm.a(fp_split3.o)
 .text          0x00000000        0x0 e:/atmel/as7/7.0/toolchain/avr8/avr8-gnu-toolchain/bin/../lib/gcc/avr/4.9.2/../../../../avr/lib/avrxmega6\libm.a(fp_zero.o)
 .data          0x00000000        0x0 e:/atmel/as7/7.0/toolchain/avr8/avr8-gnu-toolchain/bin/../lib/gcc/avr/4.9.2/../../../../avr/lib/avrxmega6\libm.a(fp_zero.o)
 .bss           0x00000000        0x0 e:/atmel/as7/7.0/toolchain/avr8/avr8-gnu-toolchain/bin/../lib/gcc/avr/4.9.2/../../../../avr/lib/avrxmega6\libm.a(fp_zero.o)
 .text          0x00000000        0x0 e:/atmel/as7/7.0/toolchain/avr8/avr8-gnu-toolchain/bin/../lib/gcc/avr/4.9.2/../../../../avr/lib/avrxmega6\libm.a(mulsf3.o)
 .data          0x00000000        0x0 e:/atmel/as7/7.0/toolchain/avr8/avr8-gnu-toolchain/bin/../lib/gcc/avr/4.9.2/../../../../avr/lib/avrxmega6\libm.a(mulsf3.o)
 .bss           0x00000000        0x0 e:/atmel/as7/7.0/toolchain/avr8/avr8-gnu-toolchain/bin/../lib/gcc/avr/4.9.2/../../../../avr/lib/avrxmega6\libm.a(mulsf3.o)
 .text          0x00000000        0x0 e:/atmel/as7/7.0/toolchain/avr8/avr8-gnu-toolchain/bin/../lib/gcc/avr/4.9.2/../../../../avr/lib/avrxmega6\libm.a(mulsf3x.o)
 .data          0x00000000        0x0 e:/atmel/as7/7.0/toolchain/avr8/avr8-gnu-toolchain/bin/../lib/gcc/avr/4.9.2/../../../../avr/lib/avrxmega6\libm.a(mulsf3x.o)
 .bss           0x00000000        0x0 e:/atmel/as7/7.0/toolchain/avr8/avr8-gnu-toolchain/bin/../lib/gcc/avr/4.9.2/../../../../avr/lib/avrxmega6\libm.a(mulsf3x.o)
 .text          0x00000000        0x0 e:/atmel/as7/7.0/toolchain/avr8/avr8-gnu-toolchain/bin/../lib/gcc/avr/4.9.2/avrxmega6\libgcc.a(_divmodhi4.o)
 .data          0x00000000        0x0 e:/atmel/as7/7.0/toolchain/avr8/avr8-gnu-toolchain/bin/../lib/gcc/avr/4.9.2/avrxmega6\libgcc.a(_divmodhi4.o)
 .bss           0x00000000        0x0 e:/atmel/as7/7.0/toolchain/avr8/avr8-gnu-toolchain/bin/../lib/gcc/avr/4.9.2/avrxmega6\libgcc.a(_divmodhi4.o)
 .text.libgcc.mul
                0x00000000        0x0 e:/atmel/as7/7.0/toolchain/avr8/avr8-gnu-toolchain/bin/../lib/gcc/avr/4.9.2/avrxmega6\libgcc.a(_divmodhi4.o)
 .text.libgcc.div
                0x00000000       0x28 e:/atmel/as7/7.0/toolchain/avr8/avr8-gnu-toolchain/bin/../lib/gcc/avr/4.9.2/avrxmega6\libgcc.a(_divmodhi4.o)
 .text.libgcc   0x00000000        0x0 e:/atmel/as7/7.0/toolchain/avr8/avr8-gnu-toolchain/bin/../lib/gcc/avr/4.9.2/avrxmega6\libgcc.a(_divmodhi4.o)
 .text.libgcc.prologue
                0x00000000        0x0 e:/atmel/as7/7.0/toolchain/avr8/avr8-gnu-toolchain/bin/../lib/gcc/avr/4.9.2/avrxmega6\libgcc.a(_divmodhi4.o)
 .text.libgcc.builtins
                0x00000000        0x0 e:/atmel/as7/7.0/toolchain/avr8/avr8-gnu-toolchain/bin/../lib/gcc/avr/4.9.2/avrxmega6\libgcc.a(_divmodhi4.o)
 .text.libgcc.fmul
                0x00000000        0x0 e:/atmel/as7/7.0/toolchain/avr8/avr8-gnu-toolchain/bin/../lib/gcc/avr/4.9.2/avrxmega6\libgcc.a(_divmodhi4.o)
 .text.libgcc.fixed
                0x00000000        0x0 e:/atmel/as7/7.0/toolchain/avr8/avr8-gnu-toolchain/bin/../lib/gcc/avr/4.9.2/avrxmega6\libgcc.a(_divmodhi4.o)
 .text          0x00000000        0x0 e:/atmel/as7/7.0/toolchain/avr8/avr8-gnu-toolchain/bin/../lib/gcc/avr/4.9.2/avrxmega6\libgcc.a(_udivmodsi4.o)
 .data          0x00000000        0x0 e:/atmel/as7/7.0/toolchain/avr8/avr8-gnu-toolchain/bin/../lib/gcc/avr/4.9.2/avrxmega6\libgcc.a(_udivmodsi4.o)
 .bss           0x00000000        0x0 e:/atmel/as7/7.0/toolchain/avr8/avr8-gnu-toolchain/bin/../lib/gcc/avr/4.9.2/avrxmega6\libgcc.a(_udivmodsi4.o)
 .text.libgcc.mul
                0x00000000        0x0 e:/atmel/as7/7.0/toolchain/avr8/avr8-gnu-toolchain/bin/../lib/gcc/avr/4.9.2/avrxmega6\libgcc.a(_udivmodsi4.o)
 .text.libgcc   0x00000000        0x0 e:/atmel/as7/7.0/toolchain/avr8/avr8-gnu-toolchain/bin/../lib/gcc/avr/4.9.2/avrxmega6\libgcc.a(_udivmodsi4.o)
 .text.libgcc.prologue
                0x00000000        0x0 e:/atmel/as7/7.0/toolchain/avr8/avr8-gnu-toolchain/bin/../lib/gcc/avr/4.9.2/avrxmega6\libgcc.a(_udivmodsi4.o)
 .text.libgcc.builtins
                0x00000000        0x0 e:/atmel/as7/7.0/toolchain/avr8/avr8-gnu-toolchain/bin/../lib/gcc/avr/4.9.2/avrxmega6\libgcc.a(_udivmodsi4.o)
 .text.libgcc.fmul
                0x00000000        0x0 e:/atmel/as7/7.0/toolchain/avr8/avr8-gnu-toolchain/bin/../lib/gcc/avr/4.9.2/avrxmega6\libgcc.a(_udivmodsi4.o)
 .text.libgcc.fixed
                0x00000000        0x0 e:/atmel/as7/7.0/toolchain/avr8/avr8-gnu-toolchain/bin/../lib/gcc/avr/4.9.2/avrxmega6\libgcc.a(_udivmodsi4.o)
 .text          0x00000000        0x0 e:/atmel/as7/7.0/toolchain/avr8/avr8-gnu-toolchain/bin/../lib/gcc/avr/4.9.2/avrxmega6\libgcc.a(_divmodsi4.o)
 .data          0x00000000        0x0 e:/atmel/as7/7.0/toolchain/avr8/avr8-gnu-toolchain/bin/../lib/gcc/avr/4.9.2/avrxmega6\libgcc.a(_divmodsi4.o)
 .bss           0x00000000        0x0 e:/atmel/as7/7.0/toolchain/avr8/avr8-gnu-toolchain/bin/../lib/gcc/avr/4.9.2/avrxmega6\libgcc.a(_divmodsi4.o)
 .text.libgcc.mul
                0x00000000        0x0 e:/atmel/as7/7.0/toolchain/avr8/avr8-gnu-toolchain/bin/../lib/gcc/avr/4.9.2/avrxmega6\libgcc.a(_divmodsi4.o)
 .text.libgcc   0x00000000        0x0 e:/atmel/as7/7.0/toolchain/avr8/avr8-gnu-toolchain/bin/../lib/gcc/avr/4.9.2/avrxmega6\libgcc.a(_divmodsi4.o)
 .text.libgcc.prologue
                0x00000000        0x0 e:/atmel/as7/7.0/toolchain/avr8/avr8-gnu-toolchain/bin/../lib/gcc/avr/4.9.2/avrxmega6\libgcc.a(_divmodsi4.o)
 .text.libgcc.builtins
                0x00000000        0x0 e:/atmel/as7/7.0/toolchain/avr8/avr8-gnu-toolchain/bin/../lib/gcc/avr/4.9.2/avrxmega6\libgcc.a(_divmodsi4.o)
 .text.libgcc.fmul
                0x00000000        0x0 e:/atmel/as7/7.0/toolchain/avr8/avr8-gnu-toolchain/bin/../lib/gcc/avr/4.9.2/avrxmega6\libgcc.a(_divmodsi4.o)
 .text.libgcc.fixed
                0x00000000        0x0 e:/atmel/as7/7.0/toolchain/avr8/avr8-gnu-toolchain/bin/../lib/gcc/avr/4.9.2/avrxmega6\libgcc.a(_divmodsi4.o)
 .text          0x00000000        0x0 e:/atmel/as7/7.0/toolchain/avr8/avr8-gnu-toolchain/bin/../lib/gcc/avr/4.9.2/avrxmega6\libgcc.a(_negsi2.o)
 .data          0x00000000        0x0 e:/atmel/as7/7.0/toolchain/avr8/avr8-gnu-toolchain/bin/../lib/gcc/avr/4.9.2/avrxmega6\libgcc.a(_negsi2.o)
 .bss           0x00000000        0x0 e:/atmel/as7/7.0/toolchain/avr8/avr8-gnu-toolchain/bin/../lib/gcc/avr/4.9.2/avrxmega6\libgcc.a(_negsi2.o)
 .text.libgcc.mul
                0x00000000        0x0 e:/atmel/as7/7.0/toolchain/avr8/avr8-gnu-toolchain/bin/../lib/gcc/avr/4.9.2/avrxmega6\libgcc.a(_negsi2.o)
 .text.libgcc   0x00000000        0x0 e:/atmel/as7/7.0/toolchain/avr8/avr8-gnu-toolchain/bin/../lib/gcc/avr/4.9.2/avrxmega6\libgcc.a(_negsi2.o)
 .text.libgcc.prologue
                0x00000000        0x0 e:/atmel/as7/7.0/toolchain/avr8/avr8-gnu-toolchain/bin/../lib/gcc/avr/4.9.2/avrxmega6\libgcc.a(_negsi2.o)
 .text.libgcc.builtins
                0x00000000        0x0 e:/atmel/as7/7.0/toolchain/avr8/avr8-gnu-toolchain/bin/../lib/gcc/avr/4.9.2/avrxmega6\libgcc.a(_negsi2.o)
 .text.libgcc.fmul
                0x00000000        0x0 e:/atmel/as7/7.0/toolchain/avr8/avr8-gnu-toolchain/bin/../lib/gcc/avr/4.9.2/avrxmega6\libgcc.a(_negsi2.o)
 .text.libgcc.fixed
                0x00000000        0x0 e:/atmel/as7/7.0/toolchain/avr8/avr8-gnu-toolchain/bin/../lib/gcc/avr/4.9.2/avrxmega6\libgcc.a(_negsi2.o)
 .text          0x00000000        0x0 e:/atmel/as7/7.0/toolchain/avr8/avr8-gnu-toolchain/bin/../lib/gcc/avr/4.9.2/avrxmega6\libgcc.a(_exit.o)
 .data          0x00000000        0x0 e:/atmel/as7/7.0/toolchain/avr8/avr8-gnu-toolchain/bin/../lib/gcc/avr/4.9.2/avrxmega6\libgcc.a(_exit.o)
 .bss           0x00000000        0x0 e:/atmel/as7/7.0/toolchain/avr8/avr8-gnu-toolchain/bin/../lib/gcc/avr/4.9.2/avrxmega6\libgcc.a(_exit.o)
 .text.libgcc.mul
                0x00000000        0x0 e:/atmel/as7/7.0/toolchain/avr8/avr8-gnu-toolchain/bin/../lib/gcc/avr/4.9.2/avrxmega6\libgcc.a(_exit.o)
 .text.libgcc.div
                0x00000000        0x0 e:/atmel/as7/7.0/toolchain/avr8/avr8-gnu-toolchain/bin/../lib/gcc/avr/4.9.2/avrxmega6\libgcc.a(_exit.o)
 .text.libgcc   0x00000000        0x0 e:/atmel/as7/7.0/toolchain/avr8/avr8-gnu-toolchain/bin/../lib/gcc/avr/4.9.2/avrxmega6\libgcc.a(_exit.o)
 .text.libgcc.prologue
                0x00000000        0x0 e:/atmel/as7/7.0/toolchain/avr8/avr8-gnu-toolchain/bin/../lib/gcc/avr/4.9.2/avrxmega6\libgcc.a(_exit.o)
 .text.libgcc.builtins
                0x00000000        0x0 e:/atmel/as7/7.0/toolchain/avr8/avr8-gnu-toolchain/bin/../lib/gcc/avr/4.9.2/avrxmega6\libgcc.a(_exit.o)
 .text.libgcc.fmul
                0x00000000        0x0 e:/atmel/as7/7.0/toolchain/avr8/avr8-gnu-toolchain/bin/../lib/gcc/avr/4.9.2/avrxmega6\libgcc.a(_exit.o)
 .text.libgcc.fixed
                0x00000000        0x0 e:/atmel/as7/7.0/toolchain/avr8/avr8-gnu-toolchain/bin/../lib/gcc/avr/4.9.2/avrxmega6\libgcc.a(_exit.o)
 .text          0x00000000        0x0 e:/atmel/as7/7.0/toolchain/avr8/avr8-gnu-toolchain/bin/../lib/gcc/avr/4.9.2/avrxmega6\libgcc.a(_copy_data.o)
 .data          0x00000000        0x0 e:/atmel/as7/7.0/toolchain/avr8/avr8-gnu-toolchain/bin/../lib/gcc/avr/4.9.2/avrxmega6\libgcc.a(_copy_data.o)
 .bss           0x00000000        0x0 e:/atmel/as7/7.0/toolchain/avr8/avr8-gnu-toolchain/bin/../lib/gcc/avr/4.9.2/avrxmega6\libgcc.a(_copy_data.o)
 .text.libgcc.mul
                0x00000000        0x0 e:/atmel/as7/7.0/toolchain/avr8/avr8-gnu-toolchain/bin/../lib/gcc/avr/4.9.2/avrxmega6\libgcc.a(_copy_data.o)
 .text.libgcc.div
                0x00000000        0x0 e:/atmel/as7/7.0/toolchain/avr8/avr8-gnu-toolchain/bin/../lib/gcc/avr/4.9.2/avrxmega6\libgcc.a(_copy_data.o)
 .text.libgcc   0x00000000        0x0 e:/atmel/as7/7.0/toolchain/avr8/avr8-gnu-toolchain/bin/../lib/gcc/avr/4.9.2/avrxmega6\libgcc.a(_copy_data.o)
 .text.libgcc.prologue
                0x00000000        0x0 e:/atmel/as7/7.0/toolchain/avr8/avr8-gnu-toolchain/bin/../lib/gcc/avr/4.9.2/avrxmega6\libgcc.a(_copy_data.o)
 .text.libgcc.builtins
                0x00000000        0x0 e:/atmel/as7/7.0/toolchain/avr8/avr8-gnu-toolchain/bin/../lib/gcc/avr/4.9.2/avrxmega6\libgcc.a(_copy_data.o)
 .text.libgcc.fmul
                0x00000000        0x0 e:/atmel/as7/7.0/toolchain/avr8/avr8-gnu-toolchain/bin/../lib/gcc/avr/4.9.2/avrxmega6\libgcc.a(_copy_data.o)
 .text.libgcc.fixed
                0x00000000        0x0 e:/atmel/as7/7.0/toolchain/avr8/avr8-gnu-toolchain/bin/../lib/gcc/avr/4.9.2/avrxmega6\libgcc.a(_copy_data.o)
 .text          0x00000000        0x0 e:/atmel/as7/7.0/toolchain/avr8/avr8-gnu-toolchain/bin/../lib/gcc/avr/4.9.2/avrxmega6\libgcc.a(_clear_bss.o)
 .data          0x00000000        0x0 e:/atmel/as7/7.0/toolchain/avr8/avr8-gnu-toolchain/bin/../lib/gcc/avr/4.9.2/avrxmega6\libgcc.a(_clear_bss.o)
 .bss           0x00000000        0x0 e:/atmel/as7/7.0/toolchain/avr8/avr8-gnu-toolchain/bin/../lib/gcc/avr/4.9.2/avrxmega6\libgcc.a(_clear_bss.o)
 .text.libgcc.mul
                0x00000000        0x0 e:/atmel/as7/7.0/toolchain/avr8/avr8-gnu-toolchain/bin/../lib/gcc/avr/4.9.2/avrxmega6\libgcc.a(_clear_bss.o)
 .text.libgcc.div
                0x00000000        0x0 e:/atmel/as7/7.0/toolchain/avr8/avr8-gnu-toolchain/bin/../lib/gcc/avr/4.9.2/avrxmega6\libgcc.a(_clear_bss.o)
 .text.libgcc   0x00000000        0x0 e:/atmel/as7/7.0/toolchain/avr8/avr8-gnu-toolchain/bin/../lib/gcc/avr/4.9.2/avrxmega6\libgcc.a(_clear_bss.o)
 .text.libgcc.prologue
                0x00000000        0x0 e:/atmel/as7/7.0/toolchain/avr8/avr8-gnu-toolchain/bin/../lib/gcc/avr/4.9.2/avrxmega6\libgcc.a(_clear_bss.o)
 .text.libgcc.builtins
                0x00000000        0x0 e:/atmel/as7/7.0/toolchain/avr8/avr8-gnu-toolchain/bin/../lib/gcc/avr/4.9.2/avrxmega6\libgcc.a(_clear_bss.o)
 .text.libgcc.fmul
                0x00000000        0x0 e:/atmel/as7/7.0/toolchain/avr8/avr8-gnu-toolchain/bin/../lib/gcc/avr/4.9.2/avrxmega6\libgcc.a(_clear_bss.o)
 .text.libgcc.fixed
                0x00000000        0x0 e:/atmel/as7/7.0/toolchain/avr8/avr8-gnu-toolchain/bin/../lib/gcc/avr/4.9.2/avrxmega6\libgcc.a(_clear_bss.o)
 .text          0x00000000        0x0 e:/atmel/as7/7.0/toolchain/avr8/avr8-gnu-toolchain/bin/../lib/gcc/avr/4.9.2/avrxmega6\libgcc.a(_umulhisi3.o)
 .data          0x00000000        0x0 e:/atmel/as7/7.0/toolchain/avr8/avr8-gnu-toolchain/bin/../lib/gcc/avr/4.9.2/avrxmega6\libgcc.a(_umulhisi3.o)
 .bss           0x00000000        0x0 e:/atmel/as7/7.0/toolchain/avr8/avr8-gnu-toolchain/bin/../lib/gcc/avr/4.9.2/avrxmega6\libgcc.a(_umulhisi3.o)
 .text.libgcc.div
                0x00000000        0x0 e:/atmel/as7/7.0/toolchain/avr8/avr8-gnu-toolchain/bin/../lib/gcc/avr/4.9.2/avrxmega6\libgcc.a(_umulhisi3.o)
 .text.libgcc   0x00000000        0x0 e:/atmel/as7/7.0/toolchain/avr8/avr8-gnu-toolchain/bin/../lib/gcc/avr/4.9.2/avrxmega6\libgcc.a(_umulhisi3.o)
 .text.libgcc.prologue
                0x00000000        0x0 e:/atmel/as7/7.0/toolchain/avr8/avr8-gnu-toolchain/bin/../lib/gcc/avr/4.9.2/avrxmega6\libgcc.a(_umulhisi3.o)
 .text.libgcc.builtins
                0x00000000        0x0 e:/atmel/as7/7.0/toolchain/avr8/avr8-gnu-toolchain/bin/../lib/gcc/avr/4.9.2/avrxmega6\libgcc.a(_umulhisi3.o)
 .text.libgcc.fmul
                0x00000000        0x0 e:/atmel/as7/7.0/toolchain/avr8/avr8-gnu-toolchain/bin/../lib/gcc/avr/4.9.2/avrxmega6\libgcc.a(_umulhisi3.o)
 .text.libgcc.fixed
                0x00000000        0x0 e:/atmel/as7/7.0/toolchain/avr8/avr8-gnu-toolchain/bin/../lib/gcc/avr/4.9.2/avrxmega6\libgcc.a(_umulhisi3.o)
 .text          0x00000000        0x0 e:/atmel/as7/7.0/toolchain/avr8/avr8-gnu-toolchain/bin/../lib/gcc/avr/4.9.2/avrxmega6\libgcc.a(_muluhisi3.o)
 .data          0x00000000        0x0 e:/atmel/as7/7.0/toolchain/avr8/avr8-gnu-toolchain/bin/../lib/gcc/avr/4.9.2/avrxmega6\libgcc.a(_muluhisi3.o)
 .bss           0x00000000        0x0 e:/atmel/as7/7.0/toolchain/avr8/avr8-gnu-toolchain/bin/../lib/gcc/avr/4.9.2/avrxmega6\libgcc.a(_muluhisi3.o)
 .text.libgcc.div
                0x00000000        0x0 e:/atmel/as7/7.0/toolchain/avr8/avr8-gnu-toolchain/bin/../lib/gcc/avr/4.9.2/avrxmega6\libgcc.a(_muluhisi3.o)
 .text.libgcc   0x00000000        0x0 e:/atmel/as7/7.0/toolchain/avr8/avr8-gnu-toolchain/bin/../lib/gcc/avr/4.9.2/avrxmega6\libgcc.a(_muluhisi3.o)
 .text.libgcc.prologue
                0x00000000        0x0 e:/atmel/as7/7.0/toolchain/avr8/avr8-gnu-toolchain/bin/../lib/gcc/avr/4.9.2/avrxmega6\libgcc.a(_muluhisi3.o)
 .text.libgcc.builtins
                0x00000000        0x0 e:/atmel/as7/7.0/toolchain/avr8/avr8-gnu-toolchain/bin/../lib/gcc/avr/4.9.2/avrxmega6\libgcc.a(_muluhisi3.o)
 .text.libgcc.fmul
                0x00000000        0x0 e:/atmel/as7/7.0/toolchain/avr8/avr8-gnu-toolchain/bin/../lib/gcc/avr/4.9.2/avrxmega6\libgcc.a(_muluhisi3.o)
 .text.libgcc.fixed
                0x00000000        0x0 e:/atmel/as7/7.0/toolchain/avr8/avr8-gnu-toolchain/bin/../lib/gcc/avr/4.9.2/avrxmega6\libgcc.a(_muluhisi3.o)
 .text          0x00000000        0x0 e:/atmel/as7/7.0/toolchain/avr8/avr8-gnu-toolchain/bin/../lib/gcc/avr/4.9.2/avrxmega6\libgcc.a(_muldi3.o)
 .data          0x00000000        0x0 e:/atmel/as7/7.0/toolchain/avr8/avr8-gnu-toolchain/bin/../lib/gcc/avr/4.9.2/avrxmega6\libgcc.a(_muldi3.o)
 .bss           0x00000000        0x0 e:/atmel/as7/7.0/toolchain/avr8/avr8-gnu-toolchain/bin/../lib/gcc/avr/4.9.2/avrxmega6\libgcc.a(_muldi3.o)
 .text.libgcc.div
                0x00000000        0x0 e:/atmel/as7/7.0/toolchain/avr8/avr8-gnu-toolchain/bin/../lib/gcc/avr/4.9.2/avrxmega6\libgcc.a(_muldi3.o)
 .text.libgcc   0x00000000        0x0 e:/atmel/as7/7.0/toolchain/avr8/avr8-gnu-toolchain/bin/../lib/gcc/avr/4.9.2/avrxmega6\libgcc.a(_muldi3.o)
 .text.libgcc.prologue
                0x00000000        0x0 e:/atmel/as7/7.0/toolchain/avr8/avr8-gnu-toolchain/bin/../lib/gcc/avr/4.9.2/avrxmega6\libgcc.a(_muldi3.o)
 .text.libgcc.builtins
                0x00000000        0x0 e:/atmel/as7/7.0/toolchain/avr8/avr8-gnu-toolchain/bin/../lib/gcc/avr/4.9.2/avrxmega6\libgcc.a(_muldi3.o)
 .text.libgcc.fmul
                0x00000000        0x0 e:/atmel/as7/7.0/toolchain/avr8/avr8-gnu-toolchain/bin/../lib/gcc/avr/4.9.2/avrxmega6\libgcc.a(_muldi3.o)
 .text.libgcc.fixed
                0x00000000        0x0 e:/atmel/as7/7.0/toolchain/avr8/avr8-gnu-toolchain/bin/../lib/gcc/avr/4.9.2/avrxmega6\libgcc.a(_muldi3.o)
 .text          0x00000000        0x0 e:/atmel/as7/7.0/toolchain/avr8/avr8-gnu-toolchain/bin/../lib/gcc/avr/4.9.2/avrxmega6\libgcc.a(_muldi3_6.o)
 .data          0x00000000        0x0 e:/atmel/as7/7.0/toolchain/avr8/avr8-gnu-toolchain/bin/../lib/gcc/avr/4.9.2/avrxmega6\libgcc.a(_muldi3_6.o)
 .bss           0x00000000        0x0 e:/atmel/as7/7.0/toolchain/avr8/avr8-gnu-toolchain/bin/../lib/gcc/avr/4.9.2/avrxmega6\libgcc.a(_muldi3_6.o)
 .text.libgcc.div
                0x00000000        0x0 e:/atmel/as7/7.0/toolchain/avr8/avr8-gnu-toolchain/bin/../lib/gcc/avr/4.9.2/avrxmega6\libgcc.a(_muldi3_6.o)
 .text.libgcc   0x00000000        0x0 e:/atmel/as7/7.0/toolchain/avr8/avr8-gnu-toolchain/bin/../lib/gcc/avr/4.9.2/avrxmega6\libgcc.a(_muldi3_6.o)
 .text.libgcc.prologue
                0x00000000        0x0 e:/atmel/as7/7.0/toolchain/avr8/avr8-gnu-toolchain/bin/../lib/gcc/avr/4.9.2/avrxmega6\libgcc.a(_muldi3_6.o)
 .text.libgcc.builtins
                0x00000000        0x0 e:/atmel/as7/7.0/toolchain/avr8/avr8-gnu-toolchain/bin/../lib/gcc/avr/4.9.2/avrxmega6\libgcc.a(_muldi3_6.o)
 .text.libgcc.fmul
                0x00000000        0x0 e:/atmel/as7/7.0/toolchain/avr8/avr8-gnu-toolchain/bin/../lib/gcc/avr/4.9.2/avrxmega6\libgcc.a(_muldi3_6.o)
 .text.libgcc.fixed
                0x00000000        0x0 e:/atmel/as7/7.0/toolchain/avr8/avr8-gnu-toolchain/bin/../lib/gcc/avr/4.9.2/avrxmega6\libgcc.a(_muldi3_6.o)
 .text          0x00000000        0x0 e:/atmel/as7/7.0/toolchain/avr8/avr8-gnu-toolchain/bin/../lib/gcc/avr/4.9.2/avrxmega6\libgcc.a(_ashldi3.o)
 .data          0x00000000        0x0 e:/atmel/as7/7.0/toolchain/avr8/avr8-gnu-toolchain/bin/../lib/gcc/avr/4.9.2/avrxmega6\libgcc.a(_ashldi3.o)
 .bss           0x00000000        0x0 e:/atmel/as7/7.0/toolchain/avr8/avr8-gnu-toolchain/bin/../lib/gcc/avr/4.9.2/avrxmega6\libgcc.a(_ashldi3.o)
 .text.libgcc.mul
                0x00000000        0x0 e:/atmel/as7/7.0/toolchain/avr8/avr8-gnu-toolchain/bin/../lib/gcc/avr/4.9.2/avrxmega6\libgcc.a(_ashldi3.o)
 .text.libgcc.div
                0x00000000        0x0 e:/atmel/as7/7.0/toolchain/avr8/avr8-gnu-toolchain/bin/../lib/gcc/avr/4.9.2/avrxmega6\libgcc.a(_ashldi3.o)
 .text.libgcc   0x00000000        0x0 e:/atmel/as7/7.0/toolchain/avr8/avr8-gnu-toolchain/bin/../lib/gcc/avr/4.9.2/avrxmega6\libgcc.a(_ashldi3.o)
 .text.libgcc.prologue
                0x00000000        0x0 e:/atmel/as7/7.0/toolchain/avr8/avr8-gnu-toolchain/bin/../lib/gcc/avr/4.9.2/avrxmega6\libgcc.a(_ashldi3.o)
 .text.libgcc.fmul
                0x00000000        0x0 e:/atmel/as7/7.0/toolchain/avr8/avr8-gnu-toolchain/bin/../lib/gcc/avr/4.9.2/avrxmega6\libgcc.a(_ashldi3.o)
 .text.libgcc.fixed
                0x00000000        0x0 e:/atmel/as7/7.0/toolchain/avr8/avr8-gnu-toolchain/bin/../lib/gcc/avr/4.9.2/avrxmega6\libgcc.a(_ashldi3.o)
 .text          0x00000000        0x0 e:/atmel/as7/7.0/toolchain/avr8/avr8-gnu-toolchain/bin/../lib/gcc/avr/4.9.2/avrxmega6\libgcc.a(_ashrdi3.o)
 .data          0x00000000        0x0 e:/atmel/as7/7.0/toolchain/avr8/avr8-gnu-toolchain/bin/../lib/gcc/avr/4.9.2/avrxmega6\libgcc.a(_ashrdi3.o)
 .bss           0x00000000        0x0 e:/atmel/as7/7.0/toolchain/avr8/avr8-gnu-toolchain/bin/../lib/gcc/avr/4.9.2/avrxmega6\libgcc.a(_ashrdi3.o)
 .text.libgcc.mul
                0x00000000        0x0 e:/atmel/as7/7.0/toolchain/avr8/avr8-gnu-toolchain/bin/../lib/gcc/avr/4.9.2/avrxmega6\libgcc.a(_ashrdi3.o)
 .text.libgcc.div
                0x00000000        0x0 e:/atmel/as7/7.0/toolchain/avr8/avr8-gnu-toolchain/bin/../lib/gcc/avr/4.9.2/avrxmega6\libgcc.a(_ashrdi3.o)
 .text.libgcc   0x00000000        0x0 e:/atmel/as7/7.0/toolchain/avr8/avr8-gnu-toolchain/bin/../lib/gcc/avr/4.9.2/avrxmega6\libgcc.a(_ashrdi3.o)
 .text.libgcc.prologue
                0x00000000        0x0 e:/atmel/as7/7.0/toolchain/avr8/avr8-gnu-toolchain/bin/../lib/gcc/avr/4.9.2/avrxmega6\libgcc.a(_ashrdi3.o)
 .text.libgcc.fmul
                0x00000000        0x0 e:/atmel/as7/7.0/toolchain/avr8/avr8-gnu-toolchain/bin/../lib/gcc/avr/4.9.2/avrxmega6\libgcc.a(_ashrdi3.o)
 .text.libgcc.fixed
                0x00000000        0x0 e:/atmel/as7/7.0/toolchain/avr8/avr8-gnu-toolchain/bin/../lib/gcc/avr/4.9.2/avrxmega6\libgcc.a(_ashrdi3.o)
 .text          0x00000000        0x0 e:/atmel/as7/7.0/toolchain/avr8/avr8-gnu-toolchain/bin/../lib/gcc/avr/4.9.2/avrxmega6\libgcc.a(_udivmodhi4.o)
 .data          0x00000000        0x0 e:/atmel/as7/7.0/toolchain/avr8/avr8-gnu-toolchain/bin/../lib/gcc/avr/4.9.2/avrxmega6\libgcc.a(_udivmodhi4.o)
 .bss           0x00000000        0x0 e:/atmel/as7/7.0/toolchain/avr8/avr8-gnu-toolchain/bin/../lib/gcc/avr/4.9.2/avrxmega6\libgcc.a(_udivmodhi4.o)
 .text.libgcc.mul
                0x00000000        0x0 e:/atmel/as7/7.0/toolchain/avr8/avr8-gnu-toolchain/bin/../lib/gcc/avr/4.9.2/avrxmega6\libgcc.a(_udivmodhi4.o)
 .text.libgcc.div
                0x00000000       0x28 e:/atmel/as7/7.0/toolchain/avr8/avr8-gnu-toolchain/bin/../lib/gcc/avr/4.9.2/avrxmega6\libgcc.a(_udivmodhi4.o)
 .text.libgcc   0x00000000        0x0 e:/atmel/as7/7.0/toolchain/avr8/avr8-gnu-toolchain/bin/../lib/gcc/avr/4.9.2/avrxmega6\libgcc.a(_udivmodhi4.o)
 .text.libgcc.prologue
                0x00000000        0x0 e:/atmel/as7/7.0/toolchain/avr8/avr8-gnu-toolchain/bin/../lib/gcc/avr/4.9.2/avrxmega6\libgcc.a(_udivmodhi4.o)
 .text.libgcc.builtins
                0x00000000        0x0 e:/atmel/as7/7.0/toolchain/avr8/avr8-gnu-toolchain/bin/../lib/gcc/avr/4.9.2/avrxmega6\libgcc.a(_udivmodhi4.o)
 .text.libgcc.fmul
                0x00000000        0x0 e:/atmel/as7/7.0/toolchain/avr8/avr8-gnu-toolchain/bin/../lib/gcc/avr/4.9.2/avrxmega6\libgcc.a(_udivmodhi4.o)
 .text.libgcc.fixed
                0x00000000        0x0 e:/atmel/as7/7.0/toolchain/avr8/avr8-gnu-toolchain/bin/../lib/gcc/avr/4.9.2/avrxmega6\libgcc.a(_udivmodhi4.o)
 .text          0x00000000        0x0 e:/atmel/as7/7.0/toolchain/avr8/avr8-gnu-toolchain/bin/../lib/gcc/avr/4.9.2/../../../../avr/lib/avrxmega6\libc.a(sprintf.o)
 .data          0x00000000        0x0 e:/atmel/as7/7.0/toolchain/avr8/avr8-gnu-toolchain/bin/../lib/gcc/avr/4.9.2/../../../../avr/lib/avrxmega6\libc.a(sprintf.o)
 .bss           0x00000000        0x0 e:/atmel/as7/7.0/toolchain/avr8/avr8-gnu-toolchain/bin/../lib/gcc/avr/4.9.2/../../../../avr/lib/avrxmega6\libc.a(sprintf.o)
 .text          0x00000000        0x0 e:/atmel/as7/7.0/toolchain/avr8/avr8-gnu-toolchain/bin/../lib/gcc/avr/4.9.2/../../../../avr/lib/avrxmega6\libc.a(vfprintf_std.o)
 .data          0x00000000        0x0 e:/atmel/as7/7.0/toolchain/avr8/avr8-gnu-toolchain/bin/../lib/gcc/avr/4.9.2/../../../../avr/lib/avrxmega6\libc.a(vfprintf_std.o)
 .bss           0x00000000        0x0 e:/atmel/as7/7.0/toolchain/avr8/avr8-gnu-toolchain/bin/../lib/gcc/avr/4.9.2/../../../../avr/lib/avrxmega6\libc.a(vfprintf_std.o)
 .text          0x00000000        0x0 e:/atmel/as7/7.0/toolchain/avr8/avr8-gnu-toolchain/bin/../lib/gcc/avr/4.9.2/../../../../avr/lib/avrxmega6\libc.a(strnlen_P.o)
 .data          0x00000000        0x0 e:/atmel/as7/7.0/toolchain/avr8/avr8-gnu-toolchain/bin/../lib/gcc/avr/4.9.2/../../../../avr/lib/avrxmega6\libc.a(strnlen_P.o)
 .bss           0x00000000        0x0 e:/atmel/as7/7.0/toolchain/avr8/avr8-gnu-toolchain/bin/../lib/gcc/avr/4.9.2/../../../../avr/lib/avrxmega6\libc.a(strnlen_P.o)
 .text          0x00000000        0x0 e:/atmel/as7/7.0/toolchain/avr8/avr8-gnu-toolchain/bin/../lib/gcc/avr/4.9.2/../../../../avr/lib/avrxmega6\libc.a(strnlen.o)
 .data          0x00000000        0x0 e:/atmel/as7/7.0/toolchain/avr8/avr8-gnu-toolchain/bin/../lib/gcc/avr/4.9.2/../../../../avr/lib/avrxmega6\libc.a(strnlen.o)
 .bss           0x00000000        0x0 e:/atmel/as7/7.0/toolchain/avr8/avr8-gnu-toolchain/bin/../lib/gcc/avr/4.9.2/../../../../avr/lib/avrxmega6\libc.a(strnlen.o)
 .text          0x00000000        0x0 e:/atmel/as7/7.0/toolchain/avr8/avr8-gnu-toolchain/bin/../lib/gcc/avr/4.9.2/../../../../avr/lib/avrxmega6\libc.a(fputc.o)
 .data          0x00000000        0x0 e:/atmel/as7/7.0/toolchain/avr8/avr8-gnu-toolchain/bin/../lib/gcc/avr/4.9.2/../../../../avr/lib/avrxmega6\libc.a(fputc.o)
 .bss           0x00000000        0x0 e:/atmel/as7/7.0/toolchain/avr8/avr8-gnu-toolchain/bin/../lib/gcc/avr/4.9.2/../../../../avr/lib/avrxmega6\libc.a(fputc.o)
 .text          0x00000000        0x0 e:/atmel/as7/7.0/toolchain/avr8/avr8-gnu-toolchain/bin/../lib/gcc/avr/4.9.2/../../../../avr/lib/avrxmega6\libc.a(ultoa_invert.o)
 .data          0x00000000        0x0 e:/atmel/as7/7.0/toolchain/avr8/avr8-gnu-toolchain/bin/../lib/gcc/avr/4.9.2/../../../../avr/lib/avrxmega6\libc.a(ultoa_invert.o)
 .bss           0x00000000        0x0 e:/atmel/as7/7.0/toolchain/avr8/avr8-gnu-toolchain/bin/../lib/gcc/avr/4.9.2/../../../../avr/lib/avrxmega6\libc.a(ultoa_invert.o)

Memory Configuration

Name             Origin             Length             Attributes
text             0x00000000         0x00100000         xr
data             0x00802000         0x0000ffa0         rw !x
eeprom           0x00810000         0x00010000         rw !x
fuse             0x00820000         0x00000400         rw !x
lock             0x00830000         0x00000400         rw !x
signature        0x00840000         0x00000400         rw !x
user_signatures  0x00850000         0x00000400         rw !x
*default*        0x00000000         0xffffffff

Linker script and memory map

LOAD E:/Atmel/AS7/7.0/Packs/atmel/XMEGAA_DFP/1.0.36/gcc/dev/atxmega128a3u/avrxmega6/crtatxmega128a3u.o
LOAD AD7195.o
LOAD CanSat.o
LOAD FATFS/ff.o
LOAD I2C.o
LOAD SD.o
LOAD SPI.o
LOAD Initialization.o
LOAD util.o
START GROUP
LOAD e:/atmel/as7/7.0/toolchain/avr8/avr8-gnu-toolchain/bin/../lib/gcc/avr/4.9.2/../../../../avr/lib/avrxmega6\libm.a
END GROUP
START GROUP
LOAD e:/atmel/as7/7.0/toolchain/avr8/avr8-gnu-toolchain/bin/../lib/gcc/avr/4.9.2/avrxmega6\libgcc.a
LOAD e:/atmel/as7/7.0/toolchain/avr8/avr8-gnu-toolchain/bin/../lib/gcc/avr/4.9.2/../../../../avr/lib/avrxmega6\libm.a
LOAD e:/atmel/as7/7.0/toolchain/avr8/avr8-gnu-toolchain/bin/../lib/gcc/avr/4.9.2/../../../../avr/lib/avrxmega6\libc.a
LOAD E:/Atmel/AS7/7.0/Packs/atmel/XMEGAA_DFP/1.0.36/gcc/dev/atxmega128a3u/avrxmega6\libatxmega128a3u.a
END GROUP

.hash
 *(.hash)

.dynsym
 *(.dynsym)

.dynstr
 *(.dynstr)

.gnu.version
 *(.gnu.version)

.gnu.version_d
 *(.gnu.version_d)

.gnu.version_r
 *(.gnu.version_r)

.rel.init
 *(.rel.init)

.rela.init
 *(.rela.init)

.rel.text
 *(.rel.text)
 *(.rel.text.*)
 *(.rel.gnu.linkonce.t*)

.rela.text
 *(.rela.text)
 *(.rela.text.*)
 *(.rela.gnu.linkonce.t*)

.rel.fini
 *(.rel.fini)

.rela.fini
 *(.rela.fini)

.rel.rodata
 *(.rel.rodata)
 *(.rel.rodata.*)
 *(.rel.gnu.linkonce.r*)

.rela.rodata
 *(.rela.rodata)
 *(.rela.rodata.*)
 *(.rela.gnu.linkonce.r*)

.rel.data
 *(.rel.data)
 *(.rel.data.*)
 *(.rel.gnu.linkonce.d*)

.rela.data
 *(.rela.data)
 *(.rela.data.*)
 *(.rela.gnu.linkonce.d*)

.rel.ctors
 *(.rel.ctors)

.rela.ctors
 *(.rela.ctors)

.rel.dtors
 *(.rel.dtors)

.rela.dtors
 *(.rela.dtors)

.rel.got
 *(.rel.got)

.rela.got
 *(.rela.got)

.rel.bss
 *(.rel.bss)

.rela.bss
 *(.rela.bss)

.rel.plt
 *(.rel.plt)

.rela.plt
 *(.rela.plt)

.text           0x00000000     0x6f46
 *(.vectors)
 .vectors       0x00000000      0x1fc E:/Atmel/AS7/7.0/Packs/atmel/XMEGAA_DFP/1.0.36/gcc/dev/atxmega128a3u/avrxmega6/crtatxmega128a3u.o
                0x00000000                __vectors
 *(.vectors)
 *(.progmem.gcc*)
                0x000001fc                . = ALIGN (0x2)
                0x000001fc                __trampolines_start = .
 *(.trampolines)
 .trampolines   0x000001fc        0x0 linker stubs
 *(.trampolines*)
                0x000001fc                __trampolines_end = .
 *(.progmem*)
                0x000001fc                . = ALIGN (0x2)
 *(.jumptables)
 *(.jumptables*)
 *(.lowtext)
 *(.lowtext*)
                0x000001fc                __ctors_start = .
 *(.ctors)
                0x000001fc                __ctors_end = .
                0x000001fc                __dtors_start = .
 *(.dtors)
                0x000001fc                __dtors_end = .
 SORT(*)(.ctors)
 SORT(*)(.dtors)
 *(.init0)
 .init0         0x000001fc        0x0 E:/Atmel/AS7/7.0/Packs/atmel/XMEGAA_DFP/1.0.36/gcc/dev/atxmega128a3u/avrxmega6/crtatxmega128a3u.o
                0x000001fc                __init
 *(.init0)
 *(.init1)
 *(.init1)
 *(.init2)
 .init2         0x000001fc       0x10 E:/Atmel/AS7/7.0/Packs/atmel/XMEGAA_DFP/1.0.36/gcc/dev/atxmega128a3u/avrxmega6/crtatxmega128a3u.o
 *(.init2)
 *(.init3)
 *(.init3)
 *(.init4)
 .init4         0x0000020c       0x1a e:/atmel/as7/7.0/toolchain/avr8/avr8-gnu-toolchain/bin/../lib/gcc/avr/4.9.2/avrxmega6\libgcc.a(_copy_data.o)
                0x0000020c                __do_copy_data
 .init4         0x00000226       0x10 e:/atmel/as7/7.0/toolchain/avr8/avr8-gnu-toolchain/bin/../lib/gcc/avr/4.9.2/avrxmega6\libgcc.a(_clear_bss.o)
                0x00000226                __do_clear_bss
 *(.init4)
 *(.init5)
 *(.init5)
 *(.init6)
 *(.init6)
 *(.init7)
 *(.init7)
 *(.init8)
 *(.init8)
 *(.init9)
 .init9         0x00000236        0x6 E:/Atmel/AS7/7.0/Packs/atmel/XMEGAA_DFP/1.0.36/gcc/dev/atxmega128a3u/avrxmega6/crtatxmega128a3u.o
 *(.init9)
 *(.text)
 .text          0x0000023c        0x2 E:/Atmel/AS7/7.0/Packs/atmel/XMEGAA_DFP/1.0.36/gcc/dev/atxmega128a3u/avrxmega6/crtatxmega128a3u.o
                0x0000023c                __vector_38
                0x0000023c                __vector_104
                0x0000023c                __vector_22
                0x0000023c                __vector_63
                0x0000023c                __vector_28
                0x0000023c                __vector_67
                0x0000023c                __vector_1
                0x0000023c                __vector_119
                0x0000023c                __vector_32
                0x0000023c                __vector_75
                0x0000023c                __vector_71
                0x0000023c                __vector_91
                0x0000023c                __vector_34
                0x0000023c                __vector_62
                0x0000023c                __vector_102
                0x0000023c                __vector_24
                0x0000023c                __vector_12
                0x0000023c                __vector_55
                0x0000023c                __vector_69
                0x0000023c                __vector_81
                0x0000023c                __vector_46
                0x0000023c                __bad_interrupt
                0x0000023c                __vector_122
                0x0000023c                __vector_72
                0x0000023c                __vector_114
                0x0000023c                __vector_6
                0x0000023c                __vector_110
                0x0000023c                __vector_31
                0x0000023c                __vector_92
                0x0000023c                __vector_35
                0x0000023c                __vector_78
                0x0000023c                __vector_74
                0x0000023c                __vector_117
                0x0000023c                __vector_39
                0x0000023c                __vector_107
                0x0000023c                __vector_3
                0x0000023c                __vector_105
                0x0000023c                __vector_98
                0x0000023c                __vector_23
                0x0000023c                __vector_68
                0x0000023c                __vector_30
                0x0000023c                __vector_73
                0x0000023c                __vector_45
                0x0000023c                __vector_25
                0x0000023c                __vector_93
                0x0000023c                __vector_61
                0x0000023c                __vector_11
                0x0000023c                __vector_54
                0x0000023c                __vector_99
                0x0000023c                __vector_13
                0x0000023c                __vector_17
                0x0000023c                __vector_19
                0x0000023c                __vector_56
                0x0000023c                __vector_7
                0x0000023c                __vector_125
                0x0000023c                __vector_49
                0x0000023c                __vector_123
                0x0000023c                __vector_41
                0x0000023c                __vector_86
                0x0000023c                __vector_100
                0x0000023c                __vector_101
                0x0000023c                __vector_64
                0x0000023c                __vector_109
                0x0000023c                __vector_43
                0x0000023c                __vector_27
                0x0000023c                __vector_5
                0x0000023c                __vector_113
                0x0000023c                __vector_33
                0x0000023c                __vector_76
                0x0000023c                __vector_115
                0x0000023c                __vector_52
                0x0000023c                __vector_37
                0x0000023c                __vector_95
                0x0000023c                __vector_103
                0x0000023c                __vector_96
                0x0000023c                __vector_89
                0x0000023c                __vector_4
                0x0000023c                __vector_44
                0x0000023c                __vector_82
                0x0000023c                __vector_106
                0x0000023c                __vector_118
                0x0000023c                __vector_51
                0x0000023c                __vector_9
                0x0000023c                __vector_2
                0x0000023c                __vector_21
                0x0000023c                __vector_15
                0x0000023c                __vector_66
                0x0000023c                __vector_36
                0x0000023c                __vector_79
                0x0000023c                __vector_58
                0x0000023c                __vector_70
                0x0000023c                __vector_83
                0x0000023c                __vector_29
                0x0000023c                __vector_60
                0x0000023c                __vector_121
                0x0000023c                __vector_40
                0x0000023c                __vector_85
                0x0000023c                __vector_94
                0x0000023c                __vector_126
                0x0000023c                __vector_8
                0x0000023c                __vector_26
                0x0000023c                __vector_48
                0x0000023c                __vector_124
                0x0000023c                __vector_116
                0x0000023c                __vector_112
                0x0000023c                __vector_111
                0x0000023c                __vector_80
                0x0000023c                __vector_84
                0x0000023c                __vector_57
                0x0000023c                __vector_53
                0x0000023c                __vector_10
                0x0000023c                __vector_50
                0x0000023c                __vector_16
                0x0000023c                __vector_59
                0x0000023c                __vector_18
                0x0000023c                __vector_97
                0x0000023c                __vector_20
                0x0000023c                __vector_87
                0x0000023c                __vector_65
                0x0000023c                __vector_120
                0x0000023e                . = ALIGN (0x2)
 *(.text.*)
 .text.AD7195_CS
                0x0000023e       0x30 AD7195.o
                0x0000023e                AD7195_CS
 .text.AD7195_Init
                0x0000026e       0x60 AD7195.o
                0x0000026e                AD7195_Init
 .text.AD7195_Sync
                0x000002ce       0x1e AD7195.o
                0x000002ce                AD7195_Sync
 .text.AD7195_Reset
                0x000002ec       0x60 AD7195.o
                0x000002ec                AD7195_Reset
 .text.AD7195_ContConvRead
                0x0000034c       0xf0 AD7195.o
                0x0000034c                AD7195_ContConvRead
 .text.AD7195_RDY
                0x0000043c       0x2a AD7195.o
                0x0000043c                AD7195_RDY
 .text.AD7195_ReadStore
                0x00000466      0x148 AD7195.o
                0x00000466                AD7195_ReadStore
 .text.AD7195_PressureCalc
                0x000005ae      0x100 AD7195.o
                0x000005ae                AD7195_PressureCalc
 .text.__vector_default
                0x000006ae       0x1e CanSat.o
                0x000006ae                __vector_default
 .text.__vector_42
                0x000006cc       0x6c CanSat.o
                0x000006cc                __vector_42
 .text.__vector_90
                0x00000738       0x80 CanSat.o
                0x00000738                __vector_90
 .text.__vector_88
                0x000007b8      0x30a CanSat.o
                0x000007b8                __vector_88
 .text.__vector_14
                0x00000ac2       0x14 CanSat.o
                0x00000ac2                __vector_14
 .text.__vector_77
                0x00000ad6       0x90 CanSat.o
                0x00000ad6                __vector_77
 .text.__vector_47
                0x00000b66       0x52 CanSat.o
                0x00000b66                __vector_47
 .text.__vector_108
                0x00000bb8       0xae CanSat.o
                0x00000bb8                __vector_108
 .text.structInit
                0x00000c66       0x4e CanSat.o
                0x00000c66                structInit
 .text.Initialization
                0x00000cb4       0x66 CanSat.o
                0x00000cb4                Initialization
 .text.WarmUp   0x00000d1a       0x58 CanSat.o
                0x00000d1a                WarmUp
 .text.main     0x00000d72      0x29e CanSat.o
                0x00000d72                main
 .text.ld_dword
                0x00001010       0x36 FATFS/ff.o
 .text.st_dword
                0x00001046        0xc FATFS/ff.o
 .text.mem_cpy  0x00001052       0x1c FATFS/ff.o
 .text.clust2sect
                0x0000106e       0x5c FATFS/ff.o
 .text.get_fileinfo
                0x000010ca       0xac FATFS/ff.o
 .text.get_ldnumber
                0x00001176       0x6e FATFS/ff.o
 .text.validate
                0x000011e4       0x56 FATFS/ff.o
 .text.sync_window
                0x0000123a       0xd6 FATFS/ff.o
 .text.move_window
                0x00001310       0x7a FATFS/ff.o
 .text.sync_fs  0x0000138a       0xd8 FATFS/ff.o
 .text.put_fat  0x00001462      0x232 FATFS/ff.o
 .text.st_clust
                0x00001694       0x1a FATFS/ff.o
 .text.get_fat  0x000016ae      0x1b8 FATFS/ff.o
 .text.dir_sdi  0x00001866      0x1d4 FATFS/ff.o
 .text.create_chain
                0x00001a3a      0x210 FATFS/ff.o
 .text.remove_chain
                0x00001c4a      0x124 FATFS/ff.o
 .text.dir_next
                0x00001d6e      0x26a FATFS/ff.o
 .text.dir_register
                0x00001fd8       0xb4 FATFS/ff.o
 .text.check_fs
                0x0000208c       0x96 FATFS/ff.o
 .text.find_volume
                0x00002122      0x66e FATFS/ff.o
 .text.ld_clust
                0x00002790       0x44 FATFS/ff.o
 .text.follow_path
                0x000027d4      0x34e FATFS/ff.o
 .text.f_mount  0x00002b22       0x9c FATFS/ff.o
                0x00002b22                f_mount
 .text.f_open   0x00002bbe      0x3c6 FATFS/ff.o
                0x00002bbe                f_open
 .text.f_write  0x00002f84      0x39a FATFS/ff.o
                0x00002f84                f_write
 .text.f_sync   0x0000331e       0xf8 FATFS/ff.o
                0x0000331e                f_sync
 .text.f_close  0x00003416       0x3c FATFS/ff.o
                0x00003416                f_close
 .text.f_stat   0x00003452       0x6e FATFS/ff.o
                0x00003452                f_stat
 .text.SPI_SetBaudrate_400kHz
                0x000034c0        0xe SD.o
                0x000034c0                SPI_SetBaudrate_400kHz
 .text.SPI_SetMaxBaudrate
                0x000034ce        0xe SD.o
                0x000034ce                SPI_SetMaxBaudrate
 .text.SPI_RW_Byte
                0x000034dc       0x1a SD.o
                0x000034dc                SPI_RW_Byte
 .text.MemorySPIInit
                0x000034f6       0x14 SD.o
                0x000034f6                MemorySPIInit
 .text.SD_CRC7  0x0000350a       0x20 SD.o
                0x0000350a                SD_CRC7
 .text.SD_GetR7
                0x0000352a       0x38 SD.o
                0x0000352a                SD_GetR7
 .text.SD_WaitForReady
                0x00003562       0x32 SD.o
                0x00003562                SD_WaitForReady
 .text.SPI_SD_CS
                0x00003594       0x1a SD.o
                0x00003594                SPI_SD_CS
 .text.SD_SendCMD
                0x000035ae       0xa2 SD.o
                0x000035ae                SD_SendCMD
 .text.SD_CardInitV1
                0x00003650       0x54 SD.o
                0x00003650                SD_CardInitV1
 .text.SD_CardInitV2
                0x000036a4       0x7a SD.o
                0x000036a4                SD_CardInitV2
 .text.SD_CardInit
                0x0000371e       0x6e SD.o
                0x0000371e                SD_CardInit
 .text.SD_Rec_Datablock
                0x0000378c       0x5a SD.o
                0x0000378c                SD_Rec_Datablock
 .text.SD_Sendblock
                0x000037e6       0x4c SD.o
                0x000037e6                SD_Sendblock
 .text.SD_disk_read
                0x00003832       0x80 SD.o
                0x00003832                SD_disk_read
 .text.DS_disk_write
                0x000038b2       0xa8 SD.o
                0x000038b2                DS_disk_write
 .text.disk_initialize
                0x0000395a       0x10 SD.o
                0x0000395a                disk_initialize
 .text.disk_status
                0x0000396a        0xe SD.o
                0x0000396a                disk_status
 .text.disk_read
                0x00003978       0x1a SD.o
                0x00003978                disk_read
 .text.disk_write
                0x00003992       0x1a SD.o
                0x00003992                disk_write
 .text.SD_GetResponse
                0x000039ac       0x52 SD.o
                0x000039ac                SD_GetResponse
 .text.disk_ioctl
                0x000039fe      0x1a4 SD.o
                0x000039fe                disk_ioctl
 .text.get_fattime
                0x00003ba2        0xa SD.o
                0x00003ba2                get_fattime
 .text.SPI_W_Byte
                0x00003bac       0x26 SPI.o
                0x00003bac                SPI_W_Byte
 .text.SPI_R_Byte
                0x00003bd2       0x14 SPI.o
                0x00003bd2                SPI_R_Byte
 .text.Osc2MHz  0x00003be6       0x70 Initialization.o
                0x00003be6                Osc2MHz
 .text.CPU_clk  0x00003c56        0x6 Initialization.o
                0x00003c56                CPU_clk
 .text.OscRTC   0x00003c5c        0x2 Initialization.o
                0x00003c5c                OscRTC
 .text.RTC_Init
                0x00003c5e        0x2 Initialization.o
                0x00003c5e                RTC_Init
 .text.TimerCInit
                0x00003c60       0x42 Initialization.o
                0x00003c60                TimerCInit
 .text.TimerDInit
                0x00003ca2       0x42 Initialization.o
                0x00003ca2                TimerDInit
 .text.TimerEInit
                0x00003ce4       0x42 Initialization.o
                0x00003ce4                TimerEInit
 .text.TimerFInit
                0x00003d26       0x4e Initialization.o
                0x00003d26                TimerFInit
 .text.ADC_Init
                0x00003d74       0x3c Initialization.o
                0x00003d74                ADC_Init
 .text.USART_Init
                0x00003db0       0x2a Initialization.o
                0x00003db0                USART_Init
 .text.IO_Init  0x00003dda       0xb6 Initialization.o
                0x00003dda                IO_Init
 .text.I2C_Init
                0x00003e90       0x18 Initialization.o
                0x00003e90                I2C_Init
 .text.SPI_Init
                0x00003ea8       0x1c Initialization.o
                0x00003ea8                SPI_Init
 .text.prepareFrameDEBUG
                0x00003ec4     0x20f4 util.o
                0x00003ec4                prepareFrameDEBUG
 .text.Ignition_active
                0x00005fb8        0x8 util.o
                0x00005fb8                Ignition_active
 .text.Ignition_inactive
                0x00005fc0        0x8 util.o
                0x00005fc0                Ignition_inactive
 .text.MFV_valve_open
                0x00005fc8        0x8 util.o
                0x00005fc8                MFV_valve_open
 .text.MFV_valve_close
                0x00005fd0        0x8 util.o
                0x00005fd0                MFV_valve_close
 .text.MOV_valve_open
                0x00005fd8        0x8 util.o
                0x00005fd8                MOV_valve_open
 .text.MOV_valve_close
                0x00005fe0        0x8 util.o
                0x00005fe0                MOV_valve_close
 .text.MPV_valve_open
                0x00005fe8        0x8 util.o
                0x00005fe8                MPV_valve_open
 .text.MPV_valve_close
                0x00005ff0        0x8 util.o
                0x00005ff0                MPV_valve_close
 .text.FPV_valve_open
                0x00005ff8        0x8 util.o
                0x00005ff8                FPV_valve_open
 .text.FPV_valve_close
                0x00006000        0x8 util.o
                0x00006000                FPV_valve_close
 .text.SERVO_open
                0x00006008        0xe util.o
                0x00006008                SERVO_open
 .text.SERVO_close
                0x00006016        0xe util.o
                0x00006016                SERVO_close
 .text.Buzzer_active
                0x00006024        0x8 util.o
                0x00006024                Buzzer_active
 .text.Buzzer_inactive
                0x0000602c        0x8 util.o
                0x0000602c                Buzzer_inactive
 .text.Light_Green
                0x00006034        0x8 util.o
                0x00006034                Light_Green
 .text.Light_Red
                0x0000603c        0x8 util.o
                0x0000603c                Light_Red
 .text.CheckOutputState
                0x00006044       0x60 util.o
                0x00006044                CheckOutputState
 .text.Add2Buffer
                0x000060a4       0xa8 util.o
                0x000060a4                Add2Buffer
 .text.ADC_tempCalc
                0x0000614c      0x278 util.o
                0x0000614c                ADC_tempCalc
 .text.FindNextFilename
                0x000063c4       0xa2 util.o
                0x000063c4                FindNextFilename
 .text.FindTableLength
                0x00006466       0x28 util.o
                0x00006466                FindTableLength
 .text.avr-libc.fplib
                0x0000648e        0xa e:/atmel/as7/7.0/toolchain/avr8/avr8-gnu-toolchain/bin/../lib/gcc/avr/4.9.2/../../../../avr/lib/avrxmega6\libm.a(addsf3.o)
                0x0000648e                __subsf3
                0x00006490                __addsf3
 .text.avr-libc.fplib
                0x00006498       0xc0 e:/atmel/as7/7.0/toolchain/avr8/avr8-gnu-toolchain/bin/../lib/gcc/avr/4.9.2/../../../../avr/lib/avrxmega6\libm.a(addsf3x.o)
                0x000064b2                __addsf3x
 .text.avr-libc.fplib
                0x00006558        0x4 e:/atmel/as7/7.0/toolchain/avr8/avr8-gnu-toolchain/bin/../lib/gcc/avr/4.9.2/../../../../avr/lib/avrxmega6\libm.a(divsf3.o)
                0x00006558                __divsf3
 .text.avr-libc.fplib
                0x0000655c       0xcc e:/atmel/as7/7.0/toolchain/avr8/avr8-gnu-toolchain/bin/../lib/gcc/avr/4.9.2/../../../../avr/lib/avrxmega6\libm.a(divsf3x.o)
                0x00006572                __divsf3x
                0x00006576                __divsf3_pse
 .text.avr-libc.fplib
                0x00006628       0x7a e:/atmel/as7/7.0/toolchain/avr8/avr8-gnu-toolchain/bin/../lib/gcc/avr/4.9.2/../../../../avr/lib/avrxmega6\libm.a(floatsisf.o)
                0x00006628                __floatunsisf
                0x0000662c                __floatsisf
 .text.avr-libc.fplib
                0x000066a2        0xc e:/atmel/as7/7.0/toolchain/avr8/avr8-gnu-toolchain/bin/../lib/gcc/avr/4.9.2/../../../../avr/lib/avrxmega6\libm.a(fp_inf.o)
                0x000066a2                __fp_inf
 .text.avr-libc.fplib
                0x000066ae        0x6 e:/atmel/as7/7.0/toolchain/avr8/avr8-gnu-toolchain/bin/../lib/gcc/avr/4.9.2/../../../../avr/lib/avrxmega6\libm.a(fp_nan.o)
                0x000066ae                __fp_nan
 .text.avr-libc.fplib
                0x000066b4        0xe e:/atmel/as7/7.0/toolchain/avr8/avr8-gnu-toolchain/bin/../lib/gcc/avr/4.9.2/../../../../avr/lib/avrxmega6\libm.a(fp_pscA.o)
                0x000066b4                __fp_pscA
 .text.avr-libc.fplib
                0x000066c2        0xe e:/atmel/as7/7.0/toolchain/avr8/avr8-gnu-toolchain/bin/../lib/gcc/avr/4.9.2/../../../../avr/lib/avrxmega6\libm.a(fp_pscB.o)
                0x000066c2                __fp_pscB
 .text.avr-libc.fplib
                0x000066d0       0x22 e:/atmel/as7/7.0/toolchain/avr8/avr8-gnu-toolchain/bin/../lib/gcc/avr/4.9.2/../../../../avr/lib/avrxmega6\libm.a(fp_round.o)
                0x000066d0                __fp_round
 .text.avr-libc.fplib
                0x000066f2       0x44 e:/atmel/as7/7.0/toolchain/avr8/avr8-gnu-toolchain/bin/../lib/gcc/avr/4.9.2/../../../../avr/lib/avrxmega6\libm.a(fp_split3.o)
                0x000066f2                __fp_split3
                0x00006702                __fp_splitA
 .text.avr-libc.fplib
                0x00006736        0xe e:/atmel/as7/7.0/toolchain/avr8/avr8-gnu-toolchain/bin/../lib/gcc/avr/4.9.2/../../../../avr/lib/avrxmega6\libm.a(fp_zero.o)
                0x00006736                __fp_zero
                0x00006738                __fp_szero
 .text.avr-libc.fplib
                0x00006744        0x4 e:/atmel/as7/7.0/toolchain/avr8/avr8-gnu-toolchain/bin/../lib/gcc/avr/4.9.2/../../../../avr/lib/avrxmega6\libm.a(mulsf3.o)
                0x00006744                __mulsf3
 .text.avr-libc.fplib
                0x00006748       0xc2 e:/atmel/as7/7.0/toolchain/avr8/avr8-gnu-toolchain/bin/../lib/gcc/avr/4.9.2/../../../../avr/lib/avrxmega6\libm.a(mulsf3x.o)
                0x0000675c                __mulsf3x
                0x00006760                __mulsf3_pse
 .text.libgcc.div
                0x0000680a       0x44 e:/atmel/as7/7.0/toolchain/avr8/avr8-gnu-toolchain/bin/../lib/gcc/avr/4.9.2/avrxmega6\libgcc.a(_udivmodsi4.o)
                0x0000680a                __udivmodsi4
 .text.libgcc.div
                0x0000684e       0x28 e:/atmel/as7/7.0/toolchain/avr8/avr8-gnu-toolchain/bin/../lib/gcc/avr/4.9.2/avrxmega6\libgcc.a(_divmodsi4.o)
                0x0000684e                __divmodsi4
 .text.libgcc.div
                0x00006876       0x10 e:/atmel/as7/7.0/toolchain/avr8/avr8-gnu-toolchain/bin/../lib/gcc/avr/4.9.2/avrxmega6\libgcc.a(_negsi2.o)
                0x00006876                __negsi2
 .text.libgcc.mul
                0x00006886       0x1e e:/atmel/as7/7.0/toolchain/avr8/avr8-gnu-toolchain/bin/../lib/gcc/avr/4.9.2/avrxmega6\libgcc.a(_umulhisi3.o)
                0x00006886                __umulhisi3
 .text.libgcc.mul
                0x000068a4       0x14 e:/atmel/as7/7.0/toolchain/avr8/avr8-gnu-toolchain/bin/../lib/gcc/avr/4.9.2/avrxmega6\libgcc.a(_muluhisi3.o)
                0x000068a4                __muluhisi3
 .text.libgcc.mul
                0x000068b8       0x92 e:/atmel/as7/7.0/toolchain/avr8/avr8-gnu-toolchain/bin/../lib/gcc/avr/4.9.2/avrxmega6\libgcc.a(_muldi3.o)
                0x000068b8                __muldi3
 .text.libgcc.mul
                0x0000694a       0x10 e:/atmel/as7/7.0/toolchain/avr8/avr8-gnu-toolchain/bin/../lib/gcc/avr/4.9.2/avrxmega6\libgcc.a(_muldi3_6.o)
                0x0000694a                __muldi3_6
 .text.libgcc.builtins
                0x0000695a       0x32 e:/atmel/as7/7.0/toolchain/avr8/avr8-gnu-toolchain/bin/../lib/gcc/avr/4.9.2/avrxmega6\libgcc.a(_ashldi3.o)
                0x0000695a                __ashldi3
 .text.libgcc.builtins
                0x0000698c       0x3c e:/atmel/as7/7.0/toolchain/avr8/avr8-gnu-toolchain/bin/../lib/gcc/avr/4.9.2/avrxmega6\libgcc.a(_ashrdi3.o)
                0x0000698c                __ashrdi3
                0x00006990                __lshrdi3
 .text.avr-libc
                0x000069c8       0x52 e:/atmel/as7/7.0/toolchain/avr8/avr8-gnu-toolchain/bin/../lib/gcc/avr/4.9.2/../../../../avr/lib/avrxmega6\libc.a(sprintf.o)
                0x000069c8                sprintf
 .text.avr-libc
                0x00006a1a      0x3d0 e:/atmel/as7/7.0/toolchain/avr8/avr8-gnu-toolchain/bin/../lib/gcc/avr/4.9.2/../../../../avr/lib/avrxmega6\libc.a(vfprintf_std.o)
                0x00006a1a                vfprintf
 .text.avr-libc
                0x00006dea       0x16 e:/atmel/as7/7.0/toolchain/avr8/avr8-gnu-toolchain/bin/../lib/gcc/avr/4.9.2/../../../../avr/lib/avrxmega6\libc.a(strnlen_P.o)
                0x00006dea                strnlen_P
 .text.avr-libc
                0x00006e00       0x16 e:/atmel/as7/7.0/toolchain/avr8/avr8-gnu-toolchain/bin/../lib/gcc/avr/4.9.2/../../../../avr/lib/avrxmega6\libc.a(strnlen.o)
                0x00006e00                strnlen
 .text.avr-libc
                0x00006e16       0x70 e:/atmel/as7/7.0/toolchain/avr8/avr8-gnu-toolchain/bin/../lib/gcc/avr/4.9.2/../../../../avr/lib/avrxmega6\libc.a(fputc.o)
                0x00006e16                fputc
 .text.avr-libc
                0x00006e86       0xbc e:/atmel/as7/7.0/toolchain/avr8/avr8-gnu-toolchain/bin/../lib/gcc/avr/4.9.2/../../../../avr/lib/avrxmega6\libc.a(ultoa_invert.o)
                0x00006e86                __ultoa_invert
                0x00006f42                . = ALIGN (0x2)
 *(.fini9)
 .fini9         0x00006f42        0x0 e:/atmel/as7/7.0/toolchain/avr8/avr8-gnu-toolchain/bin/../lib/gcc/avr/4.9.2/avrxmega6\libgcc.a(_exit.o)
                0x00006f42                _exit
                0x00006f42                exit
 *(.fini9)
 *(.fini8)
 *(.fini8)
 *(.fini7)
 *(.fini7)
 *(.fini6)
 *(.fini6)
 *(.fini5)
 *(.fini5)
 *(.fini4)
 *(.fini4)
 *(.fini3)
 *(.fini3)
 *(.fini2)
 *(.fini2)
 *(.fini1)
 *(.fini1)
 *(.fini0)
 .fini0         0x00006f42        0x4 e:/atmel/as7/7.0/toolchain/avr8/avr8-gnu-toolchain/bin/../lib/gcc/avr/4.9.2/avrxmega6\libgcc.a(_exit.o)
 *(.fini0)
                0x00006f46                _etext = .

.data           0x00802000       0x7c load address 0x00006f46
                0x00802000                PROVIDE (__data_start, .)
 *(.data)
 *(.data*)
 *(.rodata)
 *(.rodata*)
 .rodata.str1.1
                0x00802000       0x64 CanSat.o
 .rodata.str1.1
                0x00802064        0xf FATFS/ff.o
 .rodata.str1.1
                0x00802073        0x9 util.o
 *(.gnu.linkonce.d*)
                0x0080207c                . = ALIGN (0x2)
                0x0080207c                _edata = .
                0x0080207c                PROVIDE (__data_end, .)

.bss            0x0080207c      0x8c6
                0x0080207c                PROVIDE (__bss_start, .)
 *(.bss)
 *(.bss*)
 .bss.buzzer_d  0x0080207c        0x4 CanSat.o
 .bss.frame_sd  0x00802080      0x212 CanSat.o
 .bss.frame_b   0x00802292       0xcc CanSat.o
 .bss.frame_d   0x0080235e       0xcc CanSat.o
 .bss.stan_d    0x0080242a       0x14 CanSat.o
 .bss.Clock_d   0x0080243e        0xc CanSat.o
 .bss.AD7195_d  0x0080244a       0x40 CanSat.o
 .bss.allData_d
                0x0080248a        0xe CanSat.o
 .bss.Output_d  0x00802498        0x9 CanSat.o
 .bss.Fsid      0x008024a1        0x2 FATFS/ff.o
 .bss.FatFs     0x008024a3        0x2 FATFS/ff.o
 *(COMMON)
 COMMON         0x008024a5      0x49b CanSat.o
                0x008024a5                pomiar
                0x008026c7                bw
                0x008026c9                Analog_d
                0x0080270d                fatfs
 COMMON         0x00802940        0x2 SD.o
                0x00802940                SD_Status
                0x00802941                SD_Type
                0x00802942                PROVIDE (__bss_end, .)
                0x00006f46                __data_load_start = LOADADDR (.data)
                0x00006fc2                __data_load_end = (__data_load_start + SIZEOF (.data))

.noinit         0x00802942        0x0
                0x00802942                PROVIDE (__noinit_start, .)
 *(.noinit*)
                0x00802942                PROVIDE (__noinit_end, .)
                0x00802942                _end = .
                0x00802942                PROVIDE (__heap_start, .)

.eeprom         0x00810000        0x0
 *(.eeprom*)
                0x00810000                __eeprom_end = .

.fuse
 *(.fuse)
 *(.lfuse)
 *(.hfuse)
 *(.efuse)

.lock
 *(.lock*)

.signature
 *(.signature*)

.user_signatures
 *(.user_signatures*)

.stab
 *(.stab)

.stabstr
 *(.stabstr)

.stab.excl
 *(.stab.excl)

.stab.exclstr
 *(.stab.exclstr)

.stab.index
 *(.stab.index)

.stab.indexstr
 *(.stab.indexstr)

.comment        0x00000000       0x5c
 *(.comment)
 .comment       0x00000000       0x30 AD7195.o
                                 0x31 (size before relaxing)
 .comment       0x00000030       0x31 CanSat.o
 .comment       0x00000030       0x31 FATFS/ff.o
 .comment       0x00000030       0x31 SD.o
 .comment       0x00000030       0x31 SPI.o
 .comment       0x00000030       0x31 Initialization.o
 .comment       0x00000030       0x31 util.o
 .comment       0x00000030       0x31 e:/atmel/as7/7.0/toolchain/avr8/avr8-gnu-toolchain/bin/../lib/gcc/avr/4.9.2/../../../../avr/lib/avrxmega6\libc.a(sprintf.o)
 .comment       0x00000030       0x2c e:/atmel/as7/7.0/toolchain/avr8/avr8-gnu-toolchain/bin/../lib/gcc/avr/4.9.2/../../../../avr/lib/avrxmega6\libc.a(vfprintf_std.o)
                                 0x2d (size before relaxing)
 .comment       0x0000005c       0x31 e:/atmel/as7/7.0/toolchain/avr8/avr8-gnu-toolchain/bin/../lib/gcc/avr/4.9.2/../../../../avr/lib/avrxmega6\libc.a(fputc.o)

.note.gnu.avr.deviceinfo
                0x00000000       0x40
 .note.gnu.avr.deviceinfo
                0x00000000       0x40 E:/Atmel/AS7/7.0/Packs/atmel/XMEGAA_DFP/1.0.36/gcc/dev/atxmega128a3u/avrxmega6/crtatxmega128a3u.o

.note.gnu.build-id
 *(.note.gnu.build-id)

.debug
 *(.debug)

.line
 *(.line)

.debug_srcinfo
 *(.debug_srcinfo)

.debug_sfnames
 *(.debug_sfnames)

.debug_aranges  0x00000000      0x4c8
 *(.debug_aranges)
 .debug_aranges
                0x00000000       0x60 AD7195.o
 .debug_aranges
                0x00000060       0x80 CanSat.o
 .debug_aranges
                0x000000e0      0x160 FATFS/ff.o
 .debug_aranges
                0x00000240       0xd0 SD.o
 .debug_aranges
                0x00000310       0x28 SPI.o
 .debug_aranges
                0x00000338       0x90 Initialization.o
 .debug_aranges
                0x000003c8      0x100 util.o

.debug_pubnames
 *(.debug_pubnames)

.debug_info     0x00000000     0x9caa
 *(.debug_info .gnu.linkonce.wi.*)
 .debug_info    0x00000000      0xe13 AD7195.o
 .debug_info    0x00000e13     0x1e2e CanSat.o
 .debug_info    0x00002c41     0x3a3c FATFS/ff.o
 .debug_info    0x0000667d     0x14ce SD.o
 .debug_info    0x00007b4b      0x146 SPI.o
 .debug_info    0x00007c91     0x112d Initialization.o
 .debug_info    0x00008dbe      0xeec util.o

.debug_abbrev   0x00000000     0x121a
 *(.debug_abbrev)
 .debug_abbrev  0x00000000      0x253 AD7195.o
 .debug_abbrev  0x00000253      0x41b CanSat.o
 .debug_abbrev  0x0000066e      0x2c7 FATFS/ff.o
 .debug_abbrev  0x00000935      0x392 SD.o
 .debug_abbrev  0x00000cc7       0xbd SPI.o
 .debug_abbrev  0x00000d84      0x1cb Initialization.o
 .debug_abbrev  0x00000f4f      0x2cb util.o

.debug_line     0x00000000     0x4a04
 *(.debug_line .debug_line.* .debug_line_end)
 .debug_line    0x00000000      0x3e6 AD7195.o
 .debug_line    0x000003e6      0x94a CanSat.o
 .debug_line    0x00000d30     0x2190 FATFS/ff.o
 .debug_line    0x00002ec0      0x881 SD.o
 .debug_line    0x00003741      0x125 SPI.o
 .debug_line    0x00003866      0x458 Initialization.o
 .debug_line    0x00003cbe      0xd46 util.o

.debug_frame    0x00000000     0x14fc
 *(.debug_frame)
 .debug_frame   0x00000000      0x11c AD7195.o
 .debug_frame   0x0000011c      0x230 CanSat.o
 .debug_frame   0x0000034c      0xa40 FATFS/ff.o
 .debug_frame   0x00000d8c      0x2d8 SD.o
 .debug_frame   0x00001064       0x44 SPI.o
 .debug_frame   0x000010a8      0x118 Initialization.o
 .debug_frame   0x000011c0      0x33c util.o

.debug_str      0x00000000     0x263c
 *(.debug_str)
 .debug_str     0x00000000      0x648 AD7195.o
                                0x6a1 (size before relaxing)
 .debug_str     0x00000648      0x7e7 CanSat.o
                                0xe56 (size before relaxing)
 .debug_str     0x00000e2f      0x301 FATFS/ff.o
                                0x6fc (size before relaxing)
 .debug_str     0x00001130      0x369 SD.o
                                0x74b (size before relaxing)
 .debug_str     0x00001499        0xb SPI.o
                                0x202 (size before relaxing)
 .debug_str     0x000014a4     0x10a2 Initialization.o
                               0x1679 (size before relaxing)
 .debug_str     0x00002546       0xf6 util.o
                                0x98a (size before relaxing)

.debug_loc      0x00000000     0x8c4a
 *(.debug_loc)
 .debug_loc     0x00000000      0x456 AD7195.o
 .debug_loc     0x00000456      0x62c CanSat.o
 .debug_loc     0x00000a82     0x63ec FATFS/ff.o
 .debug_loc     0x00006e6e     0x106e SD.o
 .debug_loc     0x00007edc       0x76 SPI.o
 .debug_loc     0x00007f52      0x192 Initialization.o
 .debug_loc     0x000080e4      0xb66 util.o

.debug_macinfo
 *(.debug_macinfo)

.debug_weaknames
 *(.debug_weaknames)

.debug_funcnames
 *(.debug_funcnames)

.debug_typenames
 *(.debug_typenames)

.debug_varnames
 *(.debug_varnames)

.debug_pubtypes
 *(.debug_pubtypes)

.debug_ranges   0x00000000      0x538
 *(.debug_ranges)
 .debug_ranges  0x00000000       0x50 AD7195.o
 .debug_ranges  0x00000050       0x70 CanSat.o
 .debug_ranges  0x000000c0      0x218 FATFS/ff.o
 .debug_ranges  0x000002d8       0xd8 SD.o
 .debug_ranges  0x000003b0       0x18 SPI.o
 .debug_ranges  0x000003c8       0x80 Initialization.o
 .debug_ranges  0x00000448       0xf0 util.o

.debug_macro
 *(.debug_macro)
OUTPUT(V1.0.elf elf32-avr)
LOAD linker stubs
